<?xml version="1.0" encoding="ISO-8859-1" ?>
<link_info>
   <banner>MSP430 Linker Unix v18.1.4.LTS</banner>
   <copyright>Copyright (c) 2003-2018 Texas Instruments Incorporated</copyright>
   <link_time>0x5c2749a5</link_time>
   <link_errors>0x0</link_errors>
   <output_file>lab2.out</output_file>
   <entry_point>
      <name>_c_int00_noargs</name>
      <address>0x3372</address>
   </entry_point>
   <input_file_list>
      <input_file id="fl-1">
         <path>./</path>
         <kind>object</kind>
         <file>LCD.obj</file>
         <name>LCD.obj</name>
      </input_file>
      <input_file id="fl-2">
         <path>./</path>
         <kind>object</kind>
         <file>checks.obj</file>
         <name>checks.obj</name>
      </input_file>
      <input_file id="fl-3">
         <path>./</path>
         <kind>object</kind>
         <file>main.obj</file>
         <name>main.obj</name>
      </input_file>
      <input_file id="fl-8">
         <kind>object</kind>
         <file>&lt;internal&gt;</file>
         <name>&lt;internal&gt;</name>
      </input_file>
      <input_file id="fl-1e">
         <path>/Applications/ti/ccsv8/tools/compiler/ti-cgt-msp430_18.1.4.LTS/lib/</path>
         <kind>archive</kind>
         <file>rts430x_lc_rd_eabi.lib</file>
         <name>fs_add.asm.obj</name>
      </input_file>
      <input_file id="fl-1f">
         <path>/Applications/ti/ccsv8/tools/compiler/ti-cgt-msp430_18.1.4.LTS/lib/</path>
         <kind>archive</kind>
         <file>rts430x_lc_rd_eabi.lib</file>
         <name>fs_div.asm.obj</name>
      </input_file>
      <input_file id="fl-20">
         <path>/Applications/ti/ccsv8/tools/compiler/ti-cgt-msp430_18.1.4.LTS/lib/</path>
         <kind>archive</kind>
         <file>rts430x_lc_rd_eabi.lib</file>
         <name>fs_tou.asm.obj</name>
      </input_file>
      <input_file id="fl-21">
         <path>/Applications/ti/ccsv8/tools/compiler/ti-cgt-msp430_18.1.4.LTS/lib/</path>
         <kind>archive</kind>
         <file>rts430x_lc_rd_eabi.lib</file>
         <name>int14.asm.obj</name>
      </input_file>
      <input_file id="fl-22">
         <path>/Applications/ti/ccsv8/tools/compiler/ti-cgt-msp430_18.1.4.LTS/lib/</path>
         <kind>archive</kind>
         <file>rts430x_lc_rd_eabi.lib</file>
         <name>int15.asm.obj</name>
      </input_file>
      <input_file id="fl-23">
         <path>/Applications/ti/ccsv8/tools/compiler/ti-cgt-msp430_18.1.4.LTS/lib/</path>
         <kind>archive</kind>
         <file>rts430x_lc_rd_eabi.lib</file>
         <name>int16.asm.obj</name>
      </input_file>
      <input_file id="fl-24">
         <path>/Applications/ti/ccsv8/tools/compiler/ti-cgt-msp430_18.1.4.LTS/lib/</path>
         <kind>archive</kind>
         <file>rts430x_lc_rd_eabi.lib</file>
         <name>int17.asm.obj</name>
      </input_file>
      <input_file id="fl-25">
         <path>/Applications/ti/ccsv8/tools/compiler/ti-cgt-msp430_18.1.4.LTS/lib/</path>
         <kind>archive</kind>
         <file>rts430x_lc_rd_eabi.lib</file>
         <name>int18.asm.obj</name>
      </input_file>
      <input_file id="fl-26">
         <path>/Applications/ti/ccsv8/tools/compiler/ti-cgt-msp430_18.1.4.LTS/lib/</path>
         <kind>archive</kind>
         <file>rts430x_lc_rd_eabi.lib</file>
         <name>int19.asm.obj</name>
      </input_file>
      <input_file id="fl-27">
         <path>/Applications/ti/ccsv8/tools/compiler/ti-cgt-msp430_18.1.4.LTS/lib/</path>
         <kind>archive</kind>
         <file>rts430x_lc_rd_eabi.lib</file>
         <name>int21.asm.obj</name>
      </input_file>
      <input_file id="fl-28">
         <path>/Applications/ti/ccsv8/tools/compiler/ti-cgt-msp430_18.1.4.LTS/lib/</path>
         <kind>archive</kind>
         <file>rts430x_lc_rd_eabi.lib</file>
         <name>int22.asm.obj</name>
      </input_file>
      <input_file id="fl-29">
         <path>/Applications/ti/ccsv8/tools/compiler/ti-cgt-msp430_18.1.4.LTS/lib/</path>
         <kind>archive</kind>
         <file>rts430x_lc_rd_eabi.lib</file>
         <name>int24.asm.obj</name>
      </input_file>
      <input_file id="fl-2a">
         <path>/Applications/ti/ccsv8/tools/compiler/ti-cgt-msp430_18.1.4.LTS/lib/</path>
         <kind>archive</kind>
         <file>rts430x_lc_rd_eabi.lib</file>
         <name>int25.asm.obj</name>
      </input_file>
      <input_file id="fl-2b">
         <path>/Applications/ti/ccsv8/tools/compiler/ti-cgt-msp430_18.1.4.LTS/lib/</path>
         <kind>archive</kind>
         <file>rts430x_lc_rd_eabi.lib</file>
         <name>int26.asm.obj</name>
      </input_file>
      <input_file id="fl-2c">
         <path>/Applications/ti/ccsv8/tools/compiler/ti-cgt-msp430_18.1.4.LTS/lib/</path>
         <kind>archive</kind>
         <file>rts430x_lc_rd_eabi.lib</file>
         <name>int27.asm.obj</name>
      </input_file>
      <input_file id="fl-2d">
         <path>/Applications/ti/ccsv8/tools/compiler/ti-cgt-msp430_18.1.4.LTS/lib/</path>
         <kind>archive</kind>
         <file>rts430x_lc_rd_eabi.lib</file>
         <name>int28.asm.obj</name>
      </input_file>
      <input_file id="fl-2e">
         <path>/Applications/ti/ccsv8/tools/compiler/ti-cgt-msp430_18.1.4.LTS/lib/</path>
         <kind>archive</kind>
         <file>rts430x_lc_rd_eabi.lib</file>
         <name>int29.asm.obj</name>
      </input_file>
      <input_file id="fl-2f">
         <path>/Applications/ti/ccsv8/tools/compiler/ti-cgt-msp430_18.1.4.LTS/lib/</path>
         <kind>archive</kind>
         <file>rts430x_lc_rd_eabi.lib</file>
         <name>int30.asm.obj</name>
      </input_file>
      <input_file id="fl-30">
         <path>/Applications/ti/ccsv8/tools/compiler/ti-cgt-msp430_18.1.4.LTS/lib/</path>
         <kind>archive</kind>
         <file>rts430x_lc_rd_eabi.lib</file>
         <name>isr_trap.asm.obj</name>
      </input_file>
      <input_file id="fl-31">
         <path>/Applications/ti/ccsv8/tools/compiler/ti-cgt-msp430_18.1.4.LTS/lib/</path>
         <kind>archive</kind>
         <file>rts430x_lc_rd_eabi.lib</file>
         <name>mult16_hw.asm.obj</name>
      </input_file>
      <input_file id="fl-32">
         <path>/Applications/ti/ccsv8/tools/compiler/ti-cgt-msp430_18.1.4.LTS/lib/</path>
         <kind>archive</kind>
         <file>rts430x_lc_rd_eabi.lib</file>
         <name>mult1632_hw.asm.obj</name>
      </input_file>
      <input_file id="fl-33">
         <path>/Applications/ti/ccsv8/tools/compiler/ti-cgt-msp430_18.1.4.LTS/lib/</path>
         <kind>archive</kind>
         <file>rts430x_lc_rd_eabi.lib</file>
         <name>mult32_hw.asm.obj</name>
      </input_file>
      <input_file id="fl-34">
         <path>/Applications/ti/ccsv8/tools/compiler/ti-cgt-msp430_18.1.4.LTS/lib/</path>
         <kind>archive</kind>
         <file>rts430x_lc_rd_eabi.lib</file>
         <name>mult3264_hw.asm.obj</name>
      </input_file>
      <input_file id="fl-35">
         <path>/Applications/ti/ccsv8/tools/compiler/ti-cgt-msp430_18.1.4.LTS/lib/</path>
         <kind>archive</kind>
         <file>rts430x_lc_rd_eabi.lib</file>
         <name>mult64_hw.asm.obj</name>
      </input_file>
      <input_file id="fl-36">
         <path>/Applications/ti/ccsv8/tools/compiler/ti-cgt-msp430_18.1.4.LTS/lib/</path>
         <kind>archive</kind>
         <file>rts430x_lc_rd_eabi.lib</file>
         <name>boot.c.obj</name>
      </input_file>
      <input_file id="fl-37">
         <path>/Applications/ti/ccsv8/tools/compiler/ti-cgt-msp430_18.1.4.LTS/lib/</path>
         <kind>archive</kind>
         <file>rts430x_lc_rd_eabi.lib</file>
         <name>autoinit.c.obj</name>
      </input_file>
      <input_file id="fl-38">
         <path>/Applications/ti/ccsv8/tools/compiler/ti-cgt-msp430_18.1.4.LTS/lib/</path>
         <kind>archive</kind>
         <file>rts430x_lc_rd_eabi.lib</file>
         <name>copy_zero_init.c.obj</name>
      </input_file>
      <input_file id="fl-39">
         <path>/Applications/ti/ccsv8/tools/compiler/ti-cgt-msp430_18.1.4.LTS/lib/</path>
         <kind>archive</kind>
         <file>rts430x_lc_rd_eabi.lib</file>
         <name>cpy_tbl.c.obj</name>
      </input_file>
      <input_file id="fl-3a">
         <path>/Applications/ti/ccsv8/tools/compiler/ti-cgt-msp430_18.1.4.LTS/lib/</path>
         <kind>archive</kind>
         <file>rts430x_lc_rd_eabi.lib</file>
         <name>mpu_init.c.obj</name>
      </input_file>
      <input_file id="fl-3b">
         <path>/Applications/ti/ccsv8/tools/compiler/ti-cgt-msp430_18.1.4.LTS/lib/</path>
         <kind>archive</kind>
         <file>rts430x_lc_rd_eabi.lib</file>
         <name>lsr64.c.obj</name>
      </input_file>
      <input_file id="fl-3c">
         <path>/Applications/ti/ccsv8/tools/compiler/ti-cgt-msp430_18.1.4.LTS/lib/</path>
         <kind>archive</kind>
         <file>rts430x_lc_rd_eabi.lib</file>
         <name>pre_init.c.obj</name>
      </input_file>
      <input_file id="fl-3d">
         <path>/Applications/ti/ccsv8/tools/compiler/ti-cgt-msp430_18.1.4.LTS/lib/</path>
         <kind>archive</kind>
         <file>rts430x_lc_rd_eabi.lib</file>
         <name>startup.c.obj</name>
      </input_file>
      <input_file id="fl-3e">
         <path>/Applications/ti/ccsv8/tools/compiler/ti-cgt-msp430_18.1.4.LTS/lib/</path>
         <kind>archive</kind>
         <file>rts430x_lc_rd_eabi.lib</file>
         <name>copy_decompress_none.c.obj</name>
      </input_file>
      <input_file id="fl-3f">
         <path>/Applications/ti/ccsv8/tools/compiler/ti-cgt-msp430_18.1.4.LTS/lib/</path>
         <kind>archive</kind>
         <file>rts430x_lc_rd_eabi.lib</file>
         <name>copy_decompress_lzss.c.obj</name>
      </input_file>
      <input_file id="fl-40">
         <path>/Applications/ti/ccsv8/tools/compiler/ti-cgt-msp430_18.1.4.LTS/lib/</path>
         <kind>archive</kind>
         <file>rts430x_lc_rd_eabi.lib</file>
         <name>cvtdf.c.obj</name>
      </input_file>
      <input_file id="fl-41">
         <path>/Applications/ti/ccsv8/tools/compiler/ti-cgt-msp430_18.1.4.LTS/lib/</path>
         <kind>archive</kind>
         <file>rts430x_lc_rd_eabi.lib</file>
         <name>addd.c.obj</name>
      </input_file>
      <input_file id="fl-42">
         <path>/Applications/ti/ccsv8/tools/compiler/ti-cgt-msp430_18.1.4.LTS/lib/</path>
         <kind>archive</kind>
         <file>rts430x_lc_rd_eabi.lib</file>
         <name>cvtfd.c.obj</name>
      </input_file>
      <input_file id="fl-43">
         <path>/Applications/ti/ccsv8/tools/compiler/ti-cgt-msp430_18.1.4.LTS/lib/</path>
         <kind>archive</kind>
         <file>rts430x_lc_rd_eabi.lib</file>
         <name>fltud.c.obj</name>
      </input_file>
      <input_file id="fl-44">
         <path>/Applications/ti/ccsv8/tools/compiler/ti-cgt-msp430_18.1.4.LTS/lib/</path>
         <kind>archive</kind>
         <file>rts430x_lc_rd_eabi.lib</file>
         <name>fltuld.c.obj</name>
      </input_file>
      <input_file id="fl-45">
         <path>/Applications/ti/ccsv8/tools/compiler/ti-cgt-msp430_18.1.4.LTS/lib/</path>
         <kind>archive</kind>
         <file>rts430x_lc_rd_eabi.lib</file>
         <name>frcaddd.c.obj</name>
      </input_file>
      <input_file id="fl-46">
         <path>/Applications/ti/ccsv8/tools/compiler/ti-cgt-msp430_18.1.4.LTS/lib/</path>
         <kind>archive</kind>
         <file>rts430x_lc_rd_eabi.lib</file>
         <name>mpyd.c.obj</name>
      </input_file>
      <input_file id="fl-47">
         <path>/Applications/ti/ccsv8/tools/compiler/ti-cgt-msp430_18.1.4.LTS/lib/</path>
         <kind>archive</kind>
         <file>rts430x_lc_rd_eabi.lib</file>
         <name>renormd.c.obj</name>
      </input_file>
      <input_file id="fl-48">
         <path>/Applications/ti/ccsv8/tools/compiler/ti-cgt-msp430_18.1.4.LTS/lib/</path>
         <kind>archive</kind>
         <file>rts430x_lc_rd_eabi.lib</file>
         <name>subd.c.obj</name>
      </input_file>
      <input_file id="fl-49">
         <path>/Applications/ti/ccsv8/tools/compiler/ti-cgt-msp430_18.1.4.LTS/lib/</path>
         <kind>archive</kind>
         <file>rts430x_lc_rd_eabi.lib</file>
         <name>abs.c.obj</name>
      </input_file>
      <input_file id="fl-4a">
         <path>/Applications/ti/ccsv8/tools/compiler/ti-cgt-msp430_18.1.4.LTS/lib/</path>
         <kind>archive</kind>
         <file>rts430x_lc_rd_eabi.lib</file>
         <name>exit.c.obj</name>
      </input_file>
      <input_file id="fl-4b">
         <path>/Applications/ti/ccsv8/tools/compiler/ti-cgt-msp430_18.1.4.LTS/lib/</path>
         <kind>archive</kind>
         <file>rts430x_lc_rd_eabi.lib</file>
         <name>_lock.c.obj</name>
      </input_file>
      <input_file id="fl-4c">
         <path>/Applications/ti/ccsv8/tools/compiler/ti-cgt-msp430_18.1.4.LTS/lib/</path>
         <kind>archive</kind>
         <file>rts430x_lc_rd_eabi.lib</file>
         <name>args_main.c.obj</name>
      </input_file>
      <input_file id="fl-4d">
         <path>/Applications/ti/ccsv8/tools/compiler/ti-cgt-msp430_18.1.4.LTS/lib/</path>
         <kind>archive</kind>
         <file>rts430x_lc_rd_eabi.lib</file>
         <name>memcpy.c.obj</name>
      </input_file>
      <input_file id="fl-4e">
         <path>/Applications/ti/ccsv8/tools/compiler/ti-cgt-msp430_18.1.4.LTS/lib/</path>
         <kind>archive</kind>
         <file>rts430x_lc_rd_eabi.lib</file>
         <name>printf.c.obj</name>
      </input_file>
      <input_file id="fl-4f">
         <path>/Applications/ti/ccsv8/tools/compiler/ti-cgt-msp430_18.1.4.LTS/lib/</path>
         <kind>archive</kind>
         <file>rts430x_lc_rd_eabi.lib</file>
         <name>asr32.asm.obj</name>
      </input_file>
      <input_file id="fl-50">
         <path>/Applications/ti/ccsv8/tools/compiler/ti-cgt-msp430_18.1.4.LTS/lib/</path>
         <kind>archive</kind>
         <file>rts430x_lc_rd_eabi.lib</file>
         <name>lsl32.asm.obj</name>
      </input_file>
      <input_file id="fl-51">
         <path>/Applications/ti/ccsv8/tools/compiler/ti-cgt-msp430_18.1.4.LTS/lib/</path>
         <kind>archive</kind>
         <file>rts430x_lc_rd_eabi.lib</file>
         <name>lsr32.asm.obj</name>
      </input_file>
      <input_file id="fl-52">
         <path>/Applications/ti/ccsv8/tools/compiler/ti-cgt-msp430_18.1.4.LTS/lib/</path>
         <kind>archive</kind>
         <file>rts430x_lc_rd_eabi.lib</file>
         <name>mult16.asm.obj</name>
      </input_file>
      <input_file id="fl-53">
         <path>/Applications/ti/ccsv8/tools/compiler/ti-cgt-msp430_18.1.4.LTS/lib/</path>
         <kind>archive</kind>
         <file>rts430x_lc_rd_eabi.lib</file>
         <name>exit_gvars.c.obj</name>
      </input_file>
      <input_file id="fl-54">
         <path>/Applications/ti/ccsv8/tools/compiler/ti-cgt-msp430_18.1.4.LTS/lib/</path>
         <kind>archive</kind>
         <file>rts430x_lc_rd_eabi.lib</file>
         <name>frcmpyd.c.obj</name>
      </input_file>
      <input_file id="fl-55">
         <path>/Applications/ti/ccsv8/tools/compiler/ti-cgt-msp430_18.1.4.LTS/lib/</path>
         <kind>archive</kind>
         <file>rts430x_lc_rd_eabi.lib</file>
         <name>_printfi.c.obj</name>
      </input_file>
      <input_file id="fl-56">
         <path>/Applications/ti/ccsv8/tools/compiler/ti-cgt-msp430_18.1.4.LTS/lib/</path>
         <kind>archive</kind>
         <file>rts430x_lc_rd_eabi.lib</file>
         <name>atoi.c.obj</name>
      </input_file>
      <input_file id="fl-57">
         <path>/Applications/ti/ccsv8/tools/compiler/ti-cgt-msp430_18.1.4.LTS/lib/</path>
         <kind>archive</kind>
         <file>rts430x_lc_rd_eabi.lib</file>
         <name>ctype.c.obj</name>
      </input_file>
      <input_file id="fl-58">
         <path>/Applications/ti/ccsv8/tools/compiler/ti-cgt-msp430_18.1.4.LTS/lib/</path>
         <kind>archive</kind>
         <file>rts430x_lc_rd_eabi.lib</file>
         <name>defs.c.obj</name>
      </input_file>
      <input_file id="fl-59">
         <path>/Applications/ti/ccsv8/tools/compiler/ti-cgt-msp430_18.1.4.LTS/lib/</path>
         <kind>archive</kind>
         <file>rts430x_lc_rd_eabi.lib</file>
         <name>fputc.c.obj</name>
      </input_file>
      <input_file id="fl-5a">
         <path>/Applications/ti/ccsv8/tools/compiler/ti-cgt-msp430_18.1.4.LTS/lib/</path>
         <kind>archive</kind>
         <file>rts430x_lc_rd_eabi.lib</file>
         <name>fputs.c.obj</name>
      </input_file>
      <input_file id="fl-5b">
         <path>/Applications/ti/ccsv8/tools/compiler/ti-cgt-msp430_18.1.4.LTS/lib/</path>
         <kind>archive</kind>
         <file>rts430x_lc_rd_eabi.lib</file>
         <name>ltoa.c.obj</name>
      </input_file>
      <input_file id="fl-5c">
         <path>/Applications/ti/ccsv8/tools/compiler/ti-cgt-msp430_18.1.4.LTS/lib/</path>
         <kind>archive</kind>
         <file>rts430x_lc_rd_eabi.lib</file>
         <name>memccpy.c.obj</name>
      </input_file>
      <input_file id="fl-5d">
         <path>/Applications/ti/ccsv8/tools/compiler/ti-cgt-msp430_18.1.4.LTS/lib/</path>
         <kind>archive</kind>
         <file>rts430x_lc_rd_eabi.lib</file>
         <name>memchr.c.obj</name>
      </input_file>
      <input_file id="fl-5e">
         <path>/Applications/ti/ccsv8/tools/compiler/ti-cgt-msp430_18.1.4.LTS/lib/</path>
         <kind>archive</kind>
         <file>rts430x_lc_rd_eabi.lib</file>
         <name>memset.c.obj</name>
      </input_file>
      <input_file id="fl-5f">
         <path>/Applications/ti/ccsv8/tools/compiler/ti-cgt-msp430_18.1.4.LTS/lib/</path>
         <kind>archive</kind>
         <file>rts430x_lc_rd_eabi.lib</file>
         <name>strchr.c.obj</name>
      </input_file>
      <input_file id="fl-60">
         <path>/Applications/ti/ccsv8/tools/compiler/ti-cgt-msp430_18.1.4.LTS/lib/</path>
         <kind>archive</kind>
         <file>rts430x_lc_rd_eabi.lib</file>
         <name>strlen.c.obj</name>
      </input_file>
      <input_file id="fl-61">
         <path>/Applications/ti/ccsv8/tools/compiler/ti-cgt-msp430_18.1.4.LTS/lib/</path>
         <kind>archive</kind>
         <file>rts430x_lc_rd_eabi.lib</file>
         <name>toupper.c.obj</name>
      </input_file>
      <input_file id="fl-62">
         <path>/Applications/ti/ccsv8/tools/compiler/ti-cgt-msp430_18.1.4.LTS/lib/</path>
         <kind>archive</kind>
         <file>rts430x_lc_rd_eabi.lib</file>
         <name>write.c.obj</name>
      </input_file>
      <input_file id="fl-63">
         <path>/Applications/ti/ccsv8/tools/compiler/ti-cgt-msp430_18.1.4.LTS/lib/</path>
         <kind>archive</kind>
         <file>rts430x_lc_rd_eabi.lib</file>
         <name>s_frexp.c.obj</name>
      </input_file>
      <input_file id="fl-64">
         <path>/Applications/ti/ccsv8/tools/compiler/ti-cgt-msp430_18.1.4.LTS/lib/</path>
         <kind>archive</kind>
         <file>rts430x_lc_rd_eabi.lib</file>
         <name>s_scalbn.c.obj</name>
      </input_file>
      <input_file id="fl-65">
         <path>/Applications/ti/ccsv8/tools/compiler/ti-cgt-msp430_18.1.4.LTS/lib/</path>
         <kind>archive</kind>
         <file>rts430x_lc_rd_eabi.lib</file>
         <name>s_copysign.c.obj</name>
      </input_file>
      <input_file id="fl-66">
         <path>/Applications/ti/ccsv8/tools/compiler/ti-cgt-msp430_18.1.4.LTS/lib/</path>
         <kind>archive</kind>
         <file>rts430x_lc_rd_eabi.lib</file>
         <name>wcslen.c.obj</name>
      </input_file>
      <input_file id="fl-67">
         <path>/Applications/ti/ccsv8/tools/compiler/ti-cgt-msp430_18.1.4.LTS/lib/</path>
         <kind>archive</kind>
         <file>rts430x_lc_rd_eabi.lib</file>
         <name>div16u.asm.obj</name>
      </input_file>
      <input_file id="fl-68">
         <path>/Applications/ti/ccsv8/tools/compiler/ti-cgt-msp430_18.1.4.LTS/lib/</path>
         <kind>archive</kind>
         <file>rts430x_lc_rd_eabi.lib</file>
         <name>div32s.asm.obj</name>
      </input_file>
      <input_file id="fl-69">
         <path>/Applications/ti/ccsv8/tools/compiler/ti-cgt-msp430_18.1.4.LTS/lib/</path>
         <kind>archive</kind>
         <file>rts430x_lc_rd_eabi.lib</file>
         <name>div32u.asm.obj</name>
      </input_file>
      <input_file id="fl-6a">
         <path>/Applications/ti/ccsv8/tools/compiler/ti-cgt-msp430_18.1.4.LTS/lib/</path>
         <kind>archive</kind>
         <file>rts430x_lc_rd_eabi.lib</file>
         <name>mult32.asm.obj</name>
      </input_file>
      <input_file id="fl-6b">
         <path>/Applications/ti/ccsv8/tools/compiler/ti-cgt-msp430_18.1.4.LTS/lib/</path>
         <kind>archive</kind>
         <file>rts430x_lc_rd_eabi.lib</file>
         <name>div64u.c.obj</name>
      </input_file>
      <input_file id="fl-6c">
         <path>/Applications/ti/ccsv8/tools/compiler/ti-cgt-msp430_18.1.4.LTS/lib/</path>
         <kind>archive</kind>
         <file>rts430x_lc_rd_eabi.lib</file>
         <name>cmpd.c.obj</name>
      </input_file>
      <input_file id="fl-6d">
         <path>/Applications/ti/ccsv8/tools/compiler/ti-cgt-msp430_18.1.4.LTS/lib/</path>
         <kind>archive</kind>
         <file>rts430x_lc_rd_eabi.lib</file>
         <name>divd.c.obj</name>
      </input_file>
      <input_file id="fl-6e">
         <path>/Applications/ti/ccsv8/tools/compiler/ti-cgt-msp430_18.1.4.LTS/lib/</path>
         <kind>archive</kind>
         <file>rts430x_lc_rd_eabi.lib</file>
         <name>fixdi.c.obj</name>
      </input_file>
      <input_file id="fl-6f">
         <path>/Applications/ti/ccsv8/tools/compiler/ti-cgt-msp430_18.1.4.LTS/lib/</path>
         <kind>archive</kind>
         <file>rts430x_lc_rd_eabi.lib</file>
         <name>fixdli.c.obj</name>
      </input_file>
      <input_file id="fl-70">
         <path>/Applications/ti/ccsv8/tools/compiler/ti-cgt-msp430_18.1.4.LTS/lib/</path>
         <kind>archive</kind>
         <file>rts430x_lc_rd_eabi.lib</file>
         <name>fltid.c.obj</name>
      </input_file>
      <input_file id="fl-71">
         <path>/Applications/ti/ccsv8/tools/compiler/ti-cgt-msp430_18.1.4.LTS/lib/</path>
         <kind>archive</kind>
         <file>rts430x_lc_rd_eabi.lib</file>
         <name>fltlid.c.obj</name>
      </input_file>
      <input_file id="fl-72">
         <path>/Applications/ti/ccsv8/tools/compiler/ti-cgt-msp430_18.1.4.LTS/lib/</path>
         <kind>archive</kind>
         <file>rts430x_lc_rd_eabi.lib</file>
         <name>frcdivd.c.obj</name>
      </input_file>
      <input_file id="fl-73">
         <path>/Applications/ti/ccsv8/tools/compiler/ti-cgt-msp430_18.1.4.LTS/lib/</path>
         <kind>archive</kind>
         <file>rts430x_lc_rd_eabi.lib</file>
         <name>negd.c.obj</name>
      </input_file>
      <input_file id="fl-74">
         <path>/Applications/ti/ccsv8/tools/compiler/ti-cgt-msp430_18.1.4.LTS/lib/</path>
         <kind>archive</kind>
         <file>rts430x_lc_rd_eabi.lib</file>
         <name>errno.c.obj</name>
      </input_file>
      <input_file id="fl-75">
         <path>/Applications/ti/ccsv8/tools/compiler/ti-cgt-msp430_18.1.4.LTS/lib/</path>
         <kind>archive</kind>
         <file>rts430x_lc_rd_eabi.lib</file>
         <name>_io_perm.c.obj</name>
      </input_file>
      <input_file id="fl-76">
         <path>/Applications/ti/ccsv8/tools/compiler/ti-cgt-msp430_18.1.4.LTS/lib/</path>
         <kind>archive</kind>
         <file>rts430x_lc_rd_eabi.lib</file>
         <name>fflush.c.obj</name>
      </input_file>
      <input_file id="fl-77">
         <path>/Applications/ti/ccsv8/tools/compiler/ti-cgt-msp430_18.1.4.LTS/lib/</path>
         <kind>archive</kind>
         <file>rts430x_lc_rd_eabi.lib</file>
         <name>fseek.c.obj</name>
      </input_file>
      <input_file id="fl-78">
         <path>/Applications/ti/ccsv8/tools/compiler/ti-cgt-msp430_18.1.4.LTS/lib/</path>
         <kind>archive</kind>
         <file>rts430x_lc_rd_eabi.lib</file>
         <name>lseek.c.obj</name>
      </input_file>
      <input_file id="fl-79">
         <path>/Applications/ti/ccsv8/tools/compiler/ti-cgt-msp430_18.1.4.LTS/lib/</path>
         <kind>archive</kind>
         <file>rts430x_lc_rd_eabi.lib</file>
         <name>setvbuf.c.obj</name>
      </input_file>
      <input_file id="fl-7a">
         <path>/Applications/ti/ccsv8/tools/compiler/ti-cgt-msp430_18.1.4.LTS/lib/</path>
         <kind>archive</kind>
         <file>rts430x_lc_rd_eabi.lib</file>
         <name>hostclose.c.obj</name>
      </input_file>
      <input_file id="fl-7b">
         <path>/Applications/ti/ccsv8/tools/compiler/ti-cgt-msp430_18.1.4.LTS/lib/</path>
         <kind>archive</kind>
         <file>rts430x_lc_rd_eabi.lib</file>
         <name>hostlseek.c.obj</name>
      </input_file>
      <input_file id="fl-7c">
         <path>/Applications/ti/ccsv8/tools/compiler/ti-cgt-msp430_18.1.4.LTS/lib/</path>
         <kind>archive</kind>
         <file>rts430x_lc_rd_eabi.lib</file>
         <name>hostopen.c.obj</name>
      </input_file>
      <input_file id="fl-7d">
         <path>/Applications/ti/ccsv8/tools/compiler/ti-cgt-msp430_18.1.4.LTS/lib/</path>
         <kind>archive</kind>
         <file>rts430x_lc_rd_eabi.lib</file>
         <name>hostread.c.obj</name>
      </input_file>
      <input_file id="fl-7e">
         <path>/Applications/ti/ccsv8/tools/compiler/ti-cgt-msp430_18.1.4.LTS/lib/</path>
         <kind>archive</kind>
         <file>rts430x_lc_rd_eabi.lib</file>
         <name>hostrename.c.obj</name>
      </input_file>
      <input_file id="fl-7f">
         <path>/Applications/ti/ccsv8/tools/compiler/ti-cgt-msp430_18.1.4.LTS/lib/</path>
         <kind>archive</kind>
         <file>rts430x_lc_rd_eabi.lib</file>
         <name>hostunlink.c.obj</name>
      </input_file>
      <input_file id="fl-80">
         <path>/Applications/ti/ccsv8/tools/compiler/ti-cgt-msp430_18.1.4.LTS/lib/</path>
         <kind>archive</kind>
         <file>rts430x_lc_rd_eabi.lib</file>
         <name>hostwrite.c.obj</name>
      </input_file>
      <input_file id="fl-81">
         <path>/Applications/ti/ccsv8/tools/compiler/ti-cgt-msp430_18.1.4.LTS/lib/</path>
         <kind>archive</kind>
         <file>rts430x_lc_rd_eabi.lib</file>
         <name>trgmsg.c.obj</name>
      </input_file>
      <input_file id="fl-82">
         <path>/Applications/ti/ccsv8/tools/compiler/ti-cgt-msp430_18.1.4.LTS/lib/</path>
         <kind>archive</kind>
         <file>rts430x_lc_rd_eabi.lib</file>
         <name>lsl64.c.obj</name>
      </input_file>
      <input_file id="fl-83">
         <path>/Applications/ti/ccsv8/tools/compiler/ti-cgt-msp430_18.1.4.LTS/lib/</path>
         <kind>archive</kind>
         <file>rts430x_lc_rd_eabi.lib</file>
         <name>memory.c.obj</name>
      </input_file>
      <input_file id="fl-84">
         <path>/Applications/ti/ccsv8/tools/compiler/ti-cgt-msp430_18.1.4.LTS/lib/</path>
         <kind>archive</kind>
         <file>rts430x_lc_rd_eabi.lib</file>
         <name>fopen.c.obj</name>
      </input_file>
      <input_file id="fl-85">
         <path>/Applications/ti/ccsv8/tools/compiler/ti-cgt-msp430_18.1.4.LTS/lib/</path>
         <kind>archive</kind>
         <file>rts430x_lc_rd_eabi.lib</file>
         <name>open.c.obj</name>
      </input_file>
      <input_file id="fl-86">
         <path>/Applications/ti/ccsv8/tools/compiler/ti-cgt-msp430_18.1.4.LTS/lib/</path>
         <kind>archive</kind>
         <file>rts430x_lc_rd_eabi.lib</file>
         <name>strcpy.c.obj</name>
      </input_file>
      <input_file id="fl-87">
         <path>/Applications/ti/ccsv8/tools/compiler/ti-cgt-msp430_18.1.4.LTS/lib/</path>
         <kind>archive</kind>
         <file>rts430x_lc_rd_eabi.lib</file>
         <name>div16s.asm.obj</name>
      </input_file>
      <input_file id="fl-88">
         <path>/Applications/ti/ccsv8/tools/compiler/ti-cgt-msp430_18.1.4.LTS/lib/</path>
         <kind>archive</kind>
         <file>rts430x_lc_rd_eabi.lib</file>
         <name>fclose.c.obj</name>
      </input_file>
      <input_file id="fl-89">
         <path>/Applications/ti/ccsv8/tools/compiler/ti-cgt-msp430_18.1.4.LTS/lib/</path>
         <kind>archive</kind>
         <file>rts430x_lc_rd_eabi.lib</file>
         <name>getdevice.c.obj</name>
      </input_file>
      <input_file id="fl-8a">
         <path>/Applications/ti/ccsv8/tools/compiler/ti-cgt-msp430_18.1.4.LTS/lib/</path>
         <kind>archive</kind>
         <file>rts430x_lc_rd_eabi.lib</file>
         <name>remove.c.obj</name>
      </input_file>
      <input_file id="fl-8b">
         <path>/Applications/ti/ccsv8/tools/compiler/ti-cgt-msp430_18.1.4.LTS/lib/</path>
         <kind>archive</kind>
         <file>rts430x_lc_rd_eabi.lib</file>
         <name>strcmp.c.obj</name>
      </input_file>
      <input_file id="fl-8c">
         <path>/Applications/ti/ccsv8/tools/compiler/ti-cgt-msp430_18.1.4.LTS/lib/</path>
         <kind>archive</kind>
         <file>rts430x_lc_rd_eabi.lib</file>
         <name>strncpy.c.obj</name>
      </input_file>
      <input_file id="fl-8d">
         <path>/Applications/ti/ccsv8/tools/compiler/ti-cgt-msp430_18.1.4.LTS/lib/</path>
         <kind>archive</kind>
         <file>rts430x_lc_rd_eabi.lib</file>
         <name>unlink.c.obj</name>
      </input_file>
      <input_file id="fl-8e">
         <path>/Applications/ti/ccsv8/tools/compiler/ti-cgt-msp430_18.1.4.LTS/lib/</path>
         <kind>archive</kind>
         <file>rts430x_lc_rd_eabi.lib</file>
         <name>close.c.obj</name>
      </input_file>
   </input_file_list>
   <object_component_list>
      <object_component id="oc-5cf">
         <name>.bss</name>
         <uninitialized>true</uninitialized>
         <run_address>0x1598</run_address>
         <size>0xa</size>
         <input_file_ref idref="fl-83"/>
      </object_component>
      <object_component id="oc-1eb">
         <name>.common:vt1_e_v_sum</name>
         <uninitialized>true</uninitialized>
         <run_address>0x15b6</run_address>
         <size>0x4</size>
      </object_component>
      <object_component id="oc-212">
         <name>.common:vt1_b_v_sum</name>
         <uninitialized>true</uninitialized>
         <run_address>0x15ae</run_address>
         <size>0x4</size>
      </object_component>
      <object_component id="oc-213">
         <name>.common:vt1_k_v_sum</name>
         <uninitialized>true</uninitialized>
         <run_address>0x15c6</run_address>
         <size>0x4</size>
      </object_component>
      <object_component id="oc-216">
         <name>.common:vt2_e_v_sum</name>
         <uninitialized>true</uninitialized>
         <run_address>0x15d6</run_address>
         <size>0x4</size>
      </object_component>
      <object_component id="oc-215">
         <name>.common:vt2_b_v_sum</name>
         <uninitialized>true</uninitialized>
         <run_address>0x15ce</run_address>
         <size>0x4</size>
      </object_component>
      <object_component id="oc-214">
         <name>.common:vt2_k_v_sum</name>
         <uninitialized>true</uninitialized>
         <run_address>0x15e6</run_address>
         <size>0x4</size>
      </object_component>
      <object_component id="oc-2e3">
         <name>.common:vt1_e_v</name>
         <uninitialized>true</uninitialized>
         <run_address>0x15b2</run_address>
         <size>0x4</size>
      </object_component>
      <object_component id="oc-2e4">
         <name>.common:vt1_b_v</name>
         <uninitialized>true</uninitialized>
         <run_address>0x15aa</run_address>
         <size>0x4</size>
      </object_component>
      <object_component id="oc-2e5">
         <name>.common:vt1_k_v</name>
         <uninitialized>true</uninitialized>
         <run_address>0x15c2</run_address>
         <size>0x4</size>
      </object_component>
      <object_component id="oc-2e6">
         <name>.common:vt1_h_fe</name>
         <uninitialized>true</uninitialized>
         <run_address>0x15ba</run_address>
         <size>0x4</size>
      </object_component>
      <object_component id="oc-2e7">
         <name>.common:vt1_input_r</name>
         <uninitialized>true</uninitialized>
         <run_address>0x15be</run_address>
         <size>0x4</size>
      </object_component>
      <object_component id="oc-2e8">
         <name>.common:vt2_e_v</name>
         <uninitialized>true</uninitialized>
         <run_address>0x15d2</run_address>
         <size>0x4</size>
      </object_component>
      <object_component id="oc-2e9">
         <name>.common:vt2_b_v</name>
         <uninitialized>true</uninitialized>
         <run_address>0x15ca</run_address>
         <size>0x4</size>
      </object_component>
      <object_component id="oc-2ea">
         <name>.common:vt2_k_v</name>
         <uninitialized>true</uninitialized>
         <run_address>0x15e2</run_address>
         <size>0x4</size>
      </object_component>
      <object_component id="oc-2eb">
         <name>.common:vt2_h_fe</name>
         <uninitialized>true</uninitialized>
         <run_address>0x15da</run_address>
         <size>0x4</size>
      </object_component>
      <object_component id="oc-2ec">
         <name>.common:vt2_input_r</name>
         <uninitialized>true</uninitialized>
         <run_address>0x15de</run_address>
         <size>0x4</size>
      </object_component>
      <object_component id="oc-670">
         <name>.common:__TI_tmpnams</name>
         <uninitialized>true</uninitialized>
         <run_address>0x14f8</run_address>
         <size>0xa0</size>
      </object_component>
      <object_component id="oc-67b">
         <name>.common:parmbuf</name>
         <uninitialized>true</uninitialized>
         <run_address>0x15a2</run_address>
         <size>0x8</size>
      </object_component>
      <object_component id="oc-217">
         <name>.data</name>
         <load_address>0x128c</load_address>
         <run_address>0x128c</run_address>
         <size>0x2</size>
         <input_file_ref idref="fl-3"/>
      </object_component>
      <object_component id="oc-3f1">
         <name>.data</name>
         <load_address>0x1292</load_address>
         <run_address>0x1292</run_address>
         <size>0x2</size>
         <input_file_ref idref="fl-4a"/>
      </object_component>
      <object_component id="oc-255">
         <name>.data:_lock</name>
         <load_address>0x1284</load_address>
         <run_address>0x1284</run_address>
         <size>0x4</size>
         <input_file_ref idref="fl-4b"/>
      </object_component>
      <object_component id="oc-26d">
         <name>.data:_unlock</name>
         <load_address>0x1288</load_address>
         <run_address>0x1288</run_address>
         <size>0x4</size>
         <input_file_ref idref="fl-4b"/>
      </object_component>
      <object_component id="oc-3f7">
         <name>.data:__TI_cleanup_ptr</name>
         <load_address>0x127c</load_address>
         <run_address>0x127c</run_address>
         <size>0x4</size>
         <input_file_ref idref="fl-53"/>
      </object_component>
      <object_component id="oc-3f4">
         <name>.data:__TI_dtors_ptr</name>
         <load_address>0x1280</load_address>
         <run_address>0x1280</run_address>
         <size>0x4</size>
         <input_file_ref idref="fl-53"/>
      </object_component>
      <object_component id="oc-258">
         <name>.data:_ftable</name>
         <load_address>0x1100</load_address>
         <run_address>0x1100</run_address>
         <size>0xc8</size>
         <input_file_ref idref="fl-58"/>
      </object_component>
      <object_component id="oc-5e3">
         <name>.data</name>
         <load_address>0x128e</load_address>
         <run_address>0x128e</run_address>
         <size>0x2</size>
         <input_file_ref idref="fl-58"/>
      </object_component>
      <object_component id="oc-555">
         <name>.data:_device</name>
         <load_address>0x11c8</load_address>
         <run_address>0x11c8</run_address>
         <size>0x78</size>
         <input_file_ref idref="fl-62"/>
      </object_component>
      <object_component id="oc-4c6">
         <name>.data:_stream</name>
         <load_address>0x1240</load_address>
         <run_address>0x1240</run_address>
         <size>0x3c</size>
         <input_file_ref idref="fl-62"/>
      </object_component>
      <object_component id="oc-468">
         <name>.data</name>
         <load_address>0x1290</load_address>
         <run_address>0x1290</run_address>
         <size>0x2</size>
         <input_file_ref idref="fl-74"/>
      </object_component>
      <object_component id="oc-5d3">
         <name>.data</name>
         <load_address>0x1294</load_address>
         <run_address>0x1294</run_address>
         <size>0x2</size>
         <input_file_ref idref="fl-83"/>
      </object_component>
      <object_component id="oc-160">
         <name>.sysmem</name>
         <uninitialized>true</uninitialized>
         <run_address>0x1298</run_address>
         <size>0x6</size>
         <input_file_ref idref="fl-83"/>
      </object_component>
      <object_component id="oc-770">
         <name>.sysmem</name>
         <uninitialized>true</uninitialized>
         <run_address>0x1298</run_address>
         <size>0x0</size>
      </object_component>
      <object_component id="oc-15c">
         <name>.stack</name>
         <uninitialized>true</uninitialized>
         <run_address>0x3060</run_address>
         <size>0x4</size>
         <input_file_ref idref="fl-36"/>
      </object_component>
      <object_component id="oc-76f">
         <name>.stack</name>
         <uninitialized>true</uninitialized>
         <run_address>0x3060</run_address>
         <size>0x0</size>
      </object_component>
      <object_component id="oc-641">
         <name>.text:__TI_frcdivd</name>
         <load_address>0x10000</load_address>
         <run_address>0x10000</run_address>
         <size>0x466</size>
         <input_file_ref idref="fl-72"/>
      </object_component>
      <object_component id="oc-56e">
         <name>.text:__mspabi_divull</name>
         <load_address>0x10466</load_address>
         <run_address>0x10466</run_address>
         <size>0x34e</size>
         <input_file_ref idref="fl-6b"/>
      </object_component>
      <object_component id="oc-206">
         <name>.text:__mspabi_addd</name>
         <load_address>0x107b4</load_address>
         <run_address>0x107b4</run_address>
         <size>0x2e0</size>
         <input_file_ref idref="fl-41"/>
      </object_component>
      <object_component id="oc-267">
         <name>.text:__TI_printfi</name>
         <load_address>0x10a94</load_address>
         <run_address>0x10a94</run_address>
         <size>0x2a6</size>
         <input_file_ref idref="fl-55"/>
      </object_component>
      <object_component id="oc-292">
         <name>.text:__TI_frcmpyd</name>
         <load_address>0x10d3a</load_address>
         <run_address>0x10d3a</run_address>
         <size>0x280</size>
         <input_file_ref idref="fl-54"/>
      </object_component>
      <object_component id="oc-376">
         <name>.text:_setfield</name>
         <load_address>0x10fba</load_address>
         <run_address>0x10fba</run_address>
         <size>0x27a</size>
         <input_file_ref idref="fl-55"/>
      </object_component>
      <object_component id="oc-229">
         <name>.text:main</name>
         <load_address>0x11234</load_address>
         <run_address>0x11234</run_address>
         <size>0x276</size>
         <input_file_ref idref="fl-3"/>
      </object_component>
      <object_component id="oc-1fa">
         <name>.text:__mspabi_mpyd</name>
         <load_address>0x114aa</load_address>
         <run_address>0x114aa</run_address>
         <size>0x266</size>
         <input_file_ref idref="fl-46"/>
      </object_component>
      <object_component id="oc-2a0">
         <name>.text:__TI_frcaddd</name>
         <load_address>0x11710</load_address>
         <run_address>0x11710</run_address>
         <size>0x248</size>
         <input_file_ref idref="fl-45"/>
      </object_component>
      <object_component id="oc-5b5">
         <name>.text:acvt</name>
         <load_address>0x11958</load_address>
         <run_address>0x11958</run_address>
         <size>0x224</size>
         <input_file_ref idref="fl-55"/>
      </object_component>
      <object_component id="oc-5a8">
         <name>.text:__mspabi_divd</name>
         <load_address>0x11b7c</load_address>
         <run_address>0x11b7c</run_address>
         <size>0x222</size>
         <input_file_ref idref="fl-6d"/>
      </object_component>
      <object_component id="oc-454">
         <name>.text:_pproc_fgea</name>
         <load_address>0x11d9e</load_address>
         <run_address>0x11d9e</run_address>
         <size>0x21c</size>
         <input_file_ref idref="fl-55"/>
      </object_component>
      <object_component id="oc-4d8">
         <name>.text:_getarg_diouxp</name>
         <load_address>0x11fba</load_address>
         <run_address>0x11fba</run_address>
         <size>0x20c</size>
         <input_file_ref idref="fl-55"/>
      </object_component>
      <object_component id="oc-588">
         <name>.text:ecvt</name>
         <load_address>0x121c6</load_address>
         <run_address>0x121c6</run_address>
         <size>0x1e6</size>
         <input_file_ref idref="fl-55"/>
      </object_component>
      <object_component id="oc-59b">
         <name>.text:fcvt</name>
         <load_address>0x123ac</load_address>
         <run_address>0x123ac</run_address>
         <size>0x1c8</size>
         <input_file_ref idref="fl-55"/>
      </object_component>
      <object_component id="oc-4fd">
         <name>.text:_pconv_e</name>
         <load_address>0x12574</load_address>
         <run_address>0x12574</run_address>
         <size>0x1a2</size>
         <input_file_ref idref="fl-55"/>
      </object_component>
      <object_component id="oc-503">
         <name>.text:_pconv_a</name>
         <load_address>0x12716</load_address>
         <run_address>0x12716</run_address>
         <size>0x170</size>
         <input_file_ref idref="fl-55"/>
      </object_component>
      <object_component id="oc-650">
         <name>.text:scalbn</name>
         <load_address>0x12886</load_address>
         <run_address>0x12886</run_address>
         <size>0x15a</size>
         <input_file_ref idref="fl-64"/>
      </object_component>
      <object_component id="oc-44e">
         <name>.text:_pproc_diouxp</name>
         <load_address>0x129e0</load_address>
         <run_address>0x129e0</run_address>
         <size>0x148</size>
         <input_file_ref idref="fl-55"/>
      </object_component>
      <object_component id="oc-3e0">
         <name>.text</name>
         <load_address>0x12b28</load_address>
         <run_address>0x12b28</run_address>
         <size>0x132</size>
         <input_file_ref idref="fl-1e"/>
      </object_component>
      <object_component id="oc-4de">
         <name>.text:_ltostr</name>
         <load_address>0x12c5a</load_address>
         <run_address>0x12c5a</run_address>
         <size>0x128</size>
         <input_file_ref idref="fl-55"/>
      </object_component>
      <object_component id="oc-4f1">
         <name>.text:_pconv_g</name>
         <load_address>0x12d82</load_address>
         <run_address>0x12d82</run_address>
         <size>0xfc</size>
         <input_file_ref idref="fl-55"/>
      </object_component>
      <object_component id="oc-370">
         <name>.text:_pproc_fwp</name>
         <load_address>0x12e7e</load_address>
         <run_address>0x12e7e</run_address>
         <size>0xfa</size>
         <input_file_ref idref="fl-55"/>
      </object_component>
      <object_component id="oc-35c">
         <name>.text:fputs</name>
         <load_address>0x12f78</load_address>
         <run_address>0x12f78</run_address>
         <size>0xf0</size>
         <input_file_ref idref="fl-5a"/>
      </object_component>
      <object_component id="oc-4ba">
         <name>.text:setvbuf</name>
         <load_address>0x13068</load_address>
         <run_address>0x13068</run_address>
         <size>0xde</size>
         <input_file_ref idref="fl-79"/>
      </object_component>
      <object_component id="oc-509">
         <name>.text:__mspabi_cmpd</name>
         <load_address>0x13146</load_address>
         <run_address>0x13146</run_address>
         <size>0xd8</size>
         <input_file_ref idref="fl-6c"/>
      </object_component>
      <object_component id="oc-2dc">
         <name>.text:calcVT2</name>
         <load_address>0x1321e</load_address>
         <run_address>0x1321e</run_address>
         <size>0xce</size>
         <input_file_ref idref="fl-3"/>
      </object_component>
      <object_component id="oc-2d5">
         <name>.text:calcVT1</name>
         <load_address>0x132ec</load_address>
         <run_address>0x132ec</run_address>
         <size>0xca</size>
         <input_file_ref idref="fl-3"/>
      </object_component>
      <object_component id="oc-382">
         <name>.text:_pproc_wstr</name>
         <load_address>0x133b6</load_address>
         <run_address>0x133b6</run_address>
         <size>0xc8</size>
         <input_file_ref idref="fl-55"/>
      </object_component>
      <object_component id="oc-53c">
         <name>.text:malloc</name>
         <load_address>0x1347e</load_address>
         <run_address>0x1347e</run_address>
         <size>0xbc</size>
         <input_file_ref idref="fl-83"/>
      </object_component>
      <object_component id="oc-3cc">
         <name>.text:__TI_renormd</name>
         <load_address>0x1353a</load_address>
         <run_address>0x1353a</run_address>
         <size>0xb2</size>
         <input_file_ref idref="fl-47"/>
      </object_component>
      <object_component id="oc-37c">
         <name>.text:_pproc_str</name>
         <load_address>0x135ec</load_address>
         <run_address>0x135ec</run_address>
         <size>0xa6</size>
         <input_file_ref idref="fl-55"/>
      </object_component>
      <object_component id="oc-5af">
         <name>.text:frexp</name>
         <load_address>0x13692</load_address>
         <run_address>0x13692</run_address>
         <size>0xa6</size>
         <input_file_ref idref="fl-63"/>
      </object_component>
      <object_component id="oc-630">
         <name>.text:__mspabi_fltlid</name>
         <load_address>0x13738</load_address>
         <run_address>0x13738</run_address>
         <size>0x9e</size>
         <input_file_ref idref="fl-71"/>
      </object_component>
      <object_component id="oc-601">
         <name>.text:HOSTlseek</name>
         <load_address>0x137d6</load_address>
         <run_address>0x137d6</run_address>
         <size>0x9a</size>
         <input_file_ref idref="fl-7b"/>
      </object_component>
      <object_component id="oc-58e">
         <name>.text:_ecpy</name>
         <load_address>0x13870</load_address>
         <run_address>0x13870</run_address>
         <size>0x90</size>
         <input_file_ref idref="fl-55"/>
      </object_component>
      <object_component id="oc-594">
         <name>.text:_mcpy</name>
         <load_address>0x13900</load_address>
         <run_address>0x13900</run_address>
         <size>0x90</size>
         <input_file_ref idref="fl-55"/>
      </object_component>
      <object_component id="oc-363">
         <name>.text:fputc</name>
         <load_address>0x13990</load_address>
         <run_address>0x13990</run_address>
         <size>0x90</size>
         <input_file_ref idref="fl-59"/>
      </object_component>
      <object_component id="oc-3db">
         <name>.text</name>
         <load_address>0x13a20</load_address>
         <run_address>0x13a20</run_address>
         <size>0x90</size>
         <input_file_ref idref="fl-1f"/>
      </object_component>
      <object_component id="oc-536">
         <name>.text:free</name>
         <load_address>0x13ab0</load_address>
         <run_address>0x13ab0</run_address>
         <size>0x8e</size>
         <input_file_ref idref="fl-83"/>
      </object_component>
      <object_component id="oc-20c">
         <name>.text:__mspabi_cvtdf</name>
         <load_address>0x13b3e</load_address>
         <run_address>0x13b3e</run_address>
         <size>0x8c</size>
         <input_file_ref idref="fl-40"/>
      </object_component>
      <object_component id="oc-28b">
         <name>.text:__mspabi_fltuld</name>
         <load_address>0x13bca</load_address>
         <run_address>0x13bca</run_address>
         <size>0x80</size>
         <input_file_ref idref="fl-44"/>
      </object_component>
      <object_component id="oc-62a">
         <name>.text:ltoa</name>
         <load_address>0x13c4a</load_address>
         <run_address>0x13c4a</run_address>
         <size>0x80</size>
         <input_file_ref idref="fl-5b"/>
      </object_component>
      <object_component id="oc-422">
         <name>.text:__TI_wrt_ok</name>
         <load_address>0x13cca</load_address>
         <run_address>0x13cca</run_address>
         <size>0x7e</size>
         <input_file_ref idref="fl-75"/>
      </object_component>
      <object_component id="oc-4f7">
         <name>.text:_pconv_f</name>
         <load_address>0x13d48</load_address>
         <run_address>0x13d48</run_address>
         <size>0x78</size>
         <input_file_ref idref="fl-55"/>
      </object_component>
      <object_component id="oc-47">
         <name>.text:decompress:lzss:__TI_decompress_lzss</name>
         <load_address>0x13dc0</load_address>
         <run_address>0x13dc0</run_address>
         <size>0x76</size>
         <input_file_ref idref="fl-3f"/>
      </object_component>
      <object_component id="oc-60d">
         <name>.text:HOSTrename</name>
         <load_address>0x13e36</load_address>
         <run_address>0x13e36</run_address>
         <size>0x74</size>
         <input_file_ref idref="fl-7e"/>
      </object_component>
      <object_component id="oc-5dd">
         <name>.text:__TI_closefile</name>
         <load_address>0x13eaa</load_address>
         <run_address>0x13eaa</run_address>
         <size>0x74</size>
         <input_file_ref idref="fl-88"/>
      </object_component>
      <object_component id="oc-5e9">
         <name>.text:HOSTopen</name>
         <load_address>0x13f1e</load_address>
         <run_address>0x13f1e</run_address>
         <size>0x70</size>
         <input_file_ref idref="fl-7c"/>
      </object_component>
      <object_component id="oc-5fb">
         <name>.text:HOSTwrite</name>
         <load_address>0x13f8e</load_address>
         <run_address>0x13f8e</run_address>
         <size>0x6c</size>
         <input_file_ref idref="fl-80"/>
      </object_component>
      <object_component id="oc-5f5">
         <name>.text:HOSTread</name>
         <load_address>0x13ffa</load_address>
         <run_address>0x13ffa</run_address>
         <size>0x6a</size>
         <input_file_ref idref="fl-7d"/>
      </object_component>
      <object_component id="oc-4b4">
         <name>.text:fseek</name>
         <load_address>0x14064</load_address>
         <run_address>0x14064</run_address>
         <size>0x6a</size>
         <input_file_ref idref="fl-77"/>
      </object_component>
      <object_component id="oc-1ee">
         <name>.text:__mspabi_cvtfd</name>
         <load_address>0x140ce</load_address>
         <run_address>0x140ce</run_address>
         <size>0x66</size>
         <input_file_ref idref="fl-42"/>
      </object_component>
      <object_component id="oc-624">
         <name>.text:__mspabi_fixdli</name>
         <load_address>0x14134</load_address>
         <run_address>0x14134</run_address>
         <size>0x66</size>
         <input_file_ref idref="fl-6f"/>
      </object_component>
      <object_component id="oc-42e">
         <name>.text:__TI_doflush</name>
         <load_address>0x1419a</load_address>
         <run_address>0x1419a</run_address>
         <size>0x64</size>
         <input_file_ref idref="fl-76"/>
      </object_component>
      <object_component id="oc-440">
         <name>.text:atoi</name>
         <load_address>0x141fe</load_address>
         <run_address>0x141fe</run_address>
         <size>0x62</size>
         <input_file_ref idref="fl-56"/>
      </object_component>
      <object_component id="oc-2b4">
         <name>.text:setupADC</name>
         <load_address>0x14260</load_address>
         <run_address>0x14260</run_address>
         <size>0x62</size>
         <input_file_ref idref="fl-3"/>
      </object_component>
      <object_component id="oc-66a">
         <name>.text:close</name>
         <load_address>0x142c2</load_address>
         <run_address>0x142c2</run_address>
         <size>0x5a</size>
         <input_file_ref idref="fl-8e"/>
      </object_component>
      <object_component id="oc-6c3">
         <name>.text:getdevice</name>
         <load_address>0x1431c</load_address>
         <run_address>0x1431c</run_address>
         <size>0x5a</size>
         <input_file_ref idref="fl-89"/>
      </object_component>
      <object_component id="oc-574">
         <name>.text</name>
         <load_address>0x14376</load_address>
         <run_address>0x14376</run_address>
         <size>0x58</size>
         <input_file_ref idref="fl-69"/>
      </object_component>
      <object_component id="oc-32f">
         <name>.text:__TI_auto_init_nobinit_nopinit_hold_wdt:__TI_auto_init_nobinit_nopinit_hold_wdt</name>
         <load_address>0x143ce</load_address>
         <run_address>0x143ce</run_address>
         <size>0x54</size>
         <input_file_ref idref="fl-37"/>
      </object_component>
      <object_component id="oc-5ef">
         <name>.text:HOSTclose</name>
         <load_address>0x14422</load_address>
         <run_address>0x14422</run_address>
         <size>0x4e</size>
         <input_file_ref idref="fl-7a"/>
      </object_component>
      <object_component id="oc-5a1">
         <name>.text:_fcpy</name>
         <load_address>0x14470</load_address>
         <run_address>0x14470</run_address>
         <size>0x4e</size>
         <input_file_ref idref="fl-55"/>
      </object_component>
      <object_component id="oc-311">
         <name>.text:exit</name>
         <load_address>0x144be</load_address>
         <run_address>0x144be</run_address>
         <size>0x4a</size>
         <input_file_ref idref="fl-4a"/>
      </object_component>
      <object_component id="oc-1de">
         <name>.text:printf</name>
         <load_address>0x14508</load_address>
         <run_address>0x14508</run_address>
         <size>0x4a</size>
         <input_file_ref idref="fl-4e"/>
      </object_component>
      <object_component id="oc-607">
         <name>.text:HOSTunlink</name>
         <load_address>0x14552</load_address>
         <run_address>0x14552</run_address>
         <size>0x46</size>
         <input_file_ref idref="fl-7f"/>
      </object_component>
      <object_component id="oc-2ed">
         <name>.text</name>
         <load_address>0x14598</load_address>
         <run_address>0x14598</run_address>
         <size>0x46</size>
         <input_file_ref idref="fl-20"/>
      </object_component>
      <object_component id="oc-5d6">
         <name>.text:minit</name>
         <load_address>0x145de</load_address>
         <run_address>0x145de</run_address>
         <size>0x42</size>
         <input_file_ref idref="fl-83"/>
      </object_component>
      <object_component id="oc-6a1">
         <name>.text</name>
         <load_address>0x14620</load_address>
         <run_address>0x14620</run_address>
         <size>0x40</size>
         <input_file_ref idref="fl-68"/>
      </object_component>
      <object_component id="oc-280">
         <name>.text:l_asr_const</name>
         <load_address>0x14660</load_address>
         <run_address>0x14660</run_address>
         <size>0x3e</size>
         <input_file_ref idref="fl-4f"/>
      </object_component>
      <object_component id="oc-2a8">
         <name>.text:l_lsl_const</name>
         <load_address>0x1469e</load_address>
         <run_address>0x1469e</run_address>
         <size>0x3e</size>
         <input_file_ref idref="fl-50"/>
      </object_component>
      <object_component id="oc-3ad">
         <name>.text:l_lsr_const</name>
         <load_address>0x146dc</load_address>
         <run_address>0x146dc</run_address>
         <size>0x3e</size>
         <input_file_ref idref="fl-51"/>
      </object_component>
      <object_component id="oc-52e">
         <name>.text:lseek</name>
         <load_address>0x1471a</load_address>
         <run_address>0x1471a</run_address>
         <size>0x3e</size>
         <input_file_ref idref="fl-78"/>
      </object_component>
      <object_component id="oc-434">
         <name>.text:write</name>
         <load_address>0x14758</load_address>
         <run_address>0x14758</run_address>
         <size>0x3c</size>
         <input_file_ref idref="fl-62"/>
      </object_component>
      <object_component id="oc-617">
         <name>.text:__mspabi_sllll</name>
         <load_address>0x14794</load_address>
         <run_address>0x14794</run_address>
         <size>0x3a</size>
         <input_file_ref idref="fl-82"/>
      </object_component>
      <object_component id="oc-57e">
         <name>.text:__mspabi_srlll</name>
         <load_address>0x147ce</load_address>
         <run_address>0x147ce</run_address>
         <size>0x3a</size>
         <input_file_ref idref="fl-3b"/>
      </object_component>
      <object_component id="oc-272">
         <name>.text:dispChar</name>
         <load_address>0x14808</load_address>
         <run_address>0x14808</run_address>
         <size>0x3a</size>
         <input_file_ref idref="fl-1"/>
      </object_component>
      <object_component id="oc-542">
         <name>.text:__TI_cleanup</name>
         <load_address>0x14842</load_address>
         <run_address>0x14842</run_address>
         <size>0x36</size>
         <input_file_ref idref="fl-84"/>
      </object_component>
      <object_component id="oc-67e">
         <name>.text:__TI_writemsg</name>
         <load_address>0x14878</load_address>
         <run_address>0x14878</run_address>
         <size>0x36</size>
         <input_file_ref idref="fl-81"/>
      </object_component>
      <object_component id="oc-2c2">
         <name>.text:setupPorts</name>
         <load_address>0x148ae</load_address>
         <run_address>0x148ae</run_address>
         <size>0x36</size>
         <input_file_ref idref="fl-3"/>
      </object_component>
      <object_component id="oc-684">
         <name>.text:__TI_readmsg</name>
         <load_address>0x148e4</load_address>
         <run_address>0x148e4</run_address>
         <size>0x32</size>
         <input_file_ref idref="fl-81"/>
      </object_component>
      <object_component id="oc-200">
         <name>.text:__mspabi_subd</name>
         <load_address>0x14916</load_address>
         <run_address>0x14916</run_address>
         <size>0x32</size>
         <input_file_ref idref="fl-48"/>
      </object_component>
      <object_component id="oc-3b4">
         <name>.text</name>
         <load_address>0x14948</load_address>
         <run_address>0x14948</run_address>
         <size>0x32</size>
         <input_file_ref idref="fl-33"/>
      </object_component>
      <object_component id="oc-6f1">
         <name>.text:strncpy</name>
         <load_address>0x1497a</load_address>
         <run_address>0x1497a</run_address>
         <size>0x32</size>
         <input_file_ref idref="fl-8c"/>
      </object_component>
      <object_component id="oc-671">
         <name>.text:unlink</name>
         <load_address>0x149ac</load_address>
         <run_address>0x149ac</run_address>
         <size>0x30</size>
         <input_file_ref idref="fl-8d"/>
      </object_component>
      <object_component id="oc-4eb">
         <name>.text:__mspabi_negd</name>
         <load_address>0x149dc</load_address>
         <run_address>0x149dc</run_address>
         <size>0x2e</size>
         <input_file_ref idref="fl-73"/>
      </object_component>
      <object_component id="oc-6b6">
         <name>.text:copysign</name>
         <load_address>0x14a0a</load_address>
         <run_address>0x14a0a</run_address>
         <size>0x2e</size>
         <input_file_ref idref="fl-65"/>
      </object_component>
      <object_component id="oc-6f7">
         <name>.text:finddevice</name>
         <load_address>0x14a38</load_address>
         <run_address>0x14a38</run_address>
         <size>0x2e</size>
         <input_file_ref idref="fl-89"/>
      </object_component>
      <object_component id="oc-2f8">
         <name>.text:check_input_r</name>
         <load_address>0x14a66</load_address>
         <run_address>0x14a66</run_address>
         <size>0x2a</size>
         <input_file_ref idref="fl-2"/>
      </object_component>
      <object_component id="oc-304">
         <name>.text:displayFail</name>
         <load_address>0x14a90</load_address>
         <run_address>0x14a90</run_address>
         <size>0x2a</size>
         <input_file_ref idref="fl-1"/>
      </object_component>
      <object_component id="oc-2c9">
         <name>.text:initLCD_A</name>
         <load_address>0x14aba</load_address>
         <run_address>0x14aba</run_address>
         <size>0x2a</size>
         <input_file_ref idref="fl-1"/>
      </object_component>
      <object_component id="oc-636">
         <name>.text:__mspabi_fixdi</name>
         <load_address>0x14ae4</load_address>
         <run_address>0x14ae4</run_address>
         <size>0x28</size>
         <input_file_ref idref="fl-6e"/>
      </object_component>
      <object_component id="oc-2f2">
         <name>.text:check_hfe</name>
         <load_address>0x14b0c</load_address>
         <run_address>0x14b0c</run_address>
         <size>0x28</size>
         <input_file_ref idref="fl-2"/>
      </object_component>
      <object_component id="oc-2fe">
         <name>.text:displayPass</name>
         <load_address>0x14b34</load_address>
         <run_address>0x14b34</run_address>
         <size>0x28</size>
         <input_file_ref idref="fl-1"/>
      </object_component>
      <object_component id="oc-2cf">
         <name>.text:clrLCD</name>
         <load_address>0x14b5c</load_address>
         <run_address>0x14b5c</run_address>
         <size>0x24</size>
         <input_file_ref idref="fl-1"/>
      </object_component>
      <object_component id="oc-18c">
         <name>.text:decompress:ZI:__TI_zero_init_nomemset:__TI_zero_init_nomemset</name>
         <load_address>0x14b80</load_address>
         <run_address>0x14b80</run_address>
         <size>0x24</size>
         <input_file_ref idref="fl-38"/>
      </object_component>
      <object_component id="oc-1e4">
         <name>.text:displayWait</name>
         <load_address>0x14ba4</load_address>
         <run_address>0x14ba4</run_address>
         <size>0x20</size>
         <input_file_ref idref="fl-1"/>
      </object_component>
      <object_component id="oc-45a">
         <name>.text:memccpy</name>
         <load_address>0x14bc4</load_address>
         <run_address>0x14bc4</run_address>
         <size>0x1e</size>
         <input_file_ref idref="fl-5c"/>
      </object_component>
      <object_component id="oc-656">
         <name>.text:strchr</name>
         <load_address>0x14be2</load_address>
         <run_address>0x14be2</run_address>
         <size>0x1c</size>
         <input_file_ref idref="fl-5f"/>
      </object_component>
      <object_component id="oc-70e">
         <name>.text:strcmp</name>
         <load_address>0x14bfe</load_address>
         <run_address>0x14bfe</run_address>
         <size>0x1c</size>
         <input_file_ref idref="fl-8b"/>
      </object_component>
      <object_component id="oc-4a8">
         <name>.text</name>
         <load_address>0x14c1a</load_address>
         <run_address>0x14c1a</run_address>
         <size>0x18</size>
         <input_file_ref idref="fl-31"/>
      </object_component>
      <object_component id="oc-428">
         <name>.text:memchr</name>
         <load_address>0x14c32</load_address>
         <run_address>0x14c32</run_address>
         <size>0x16</size>
         <input_file_ref idref="fl-5d"/>
      </object_component>
      <object_component id="oc-446">
         <name>.text:memset</name>
         <load_address>0x14c48</load_address>
         <run_address>0x14c48</run_address>
         <size>0x16</size>
         <input_file_ref idref="fl-5e"/>
      </object_component>
      <object_component id="oc-579">
         <name>.text</name>
         <load_address>0x14c5e</load_address>
         <run_address>0x14c5e</run_address>
         <size>0x16</size>
         <input_file_ref idref="fl-67"/>
      </object_component>
      <object_component id="oc-462">
         <name>.text:wcslen</name>
         <load_address>0x14c74</load_address>
         <run_address>0x14c74</run_address>
         <size>0x16</size>
         <input_file_ref idref="fl-66"/>
      </object_component>
      <object_component id="oc-16e">
         <name>.text:memcpy</name>
         <load_address>0x14c8a</load_address>
         <run_address>0x14c8a</run_address>
         <size>0x14</size>
         <input_file_ref idref="fl-4d"/>
      </object_component>
      <object_component id="oc-4d">
         <name>.text:decompress:none:__TI_decompress_none</name>
         <load_address>0x14c9e</load_address>
         <run_address>0x14c9e</run_address>
         <size>0x12</size>
         <input_file_ref idref="fl-3e"/>
      </object_component>
      <object_component id="oc-695">
         <name>.text:strcpy</name>
         <load_address>0x14cb0</load_address>
         <run_address>0x14cb0</run_address>
         <size>0x12</size>
         <input_file_ref idref="fl-86"/>
      </object_component>
      <object_component id="oc-4e5">
         <name>.text:toupper</name>
         <load_address>0x14cc2</load_address>
         <run_address>0x14cc2</run_address>
         <size>0x12</size>
         <input_file_ref idref="fl-61"/>
      </object_component>
      <object_component id="oc-3c7">
         <name>.text:l_asr</name>
         <load_address>0x14cd4</load_address>
         <run_address>0x14cd4</run_address>
         <size>0x10</size>
         <input_file_ref idref="fl-4f"/>
      </object_component>
      <object_component id="oc-3bd">
         <name>.text:l_lsl</name>
         <load_address>0x14ce4</load_address>
         <run_address>0x14ce4</run_address>
         <size>0x10</size>
         <input_file_ref idref="fl-50"/>
      </object_component>
      <object_component id="oc-3c2">
         <name>.text:l_lsr</name>
         <load_address>0x14cf4</load_address>
         <run_address>0x14cf4</run_address>
         <size>0x10</size>
         <input_file_ref idref="fl-51"/>
      </object_component>
      <object_component id="oc-2bb">
         <name>.text:setupDAC</name>
         <load_address>0x14d04</load_address>
         <run_address>0x14d04</run_address>
         <size>0xe</size>
         <input_file_ref idref="fl-3"/>
      </object_component>
      <object_component id="oc-36a">
         <name>.text:strlen</name>
         <load_address>0x14d12</load_address>
         <run_address>0x14d12</run_address>
         <size>0xe</size>
         <input_file_ref idref="fl-60"/>
      </object_component>
      <object_component id="oc-65c">
         <name>.text:__mspabi_fltid</name>
         <load_address>0x14d20</load_address>
         <run_address>0x14d20</run_address>
         <size>0xc</size>
         <input_file_ref idref="fl-70"/>
      </object_component>
      <object_component id="oc-3e6">
         <name>.text:abs</name>
         <load_address>0x14d2c</load_address>
         <run_address>0x14d2c</run_address>
         <size>0xa</size>
         <input_file_ref idref="fl-49"/>
      </object_component>
      <object_component id="oc-1f4">
         <name>.text:__mspabi_fltud</name>
         <load_address>0x14d36</load_address>
         <run_address>0x14d36</run_address>
         <size>0x6</size>
         <input_file_ref idref="fl-43"/>
      </object_component>
      <object_component id="oc-261">
         <name>.text:_outc</name>
         <load_address>0x14d3c</load_address>
         <run_address>0x14d3c</run_address>
         <size>0x6</size>
         <input_file_ref idref="fl-4e"/>
      </object_component>
      <object_component id="oc-30b">
         <name>.text:abort</name>
         <load_address>0x14d42</load_address>
         <run_address>0x14d42</run_address>
         <size>0x6</size>
         <input_file_ref idref="fl-4a"/>
      </object_component>
      <object_component id="oc-25b">
         <name>.text:_outs</name>
         <load_address>0x14d48</load_address>
         <run_address>0x14d48</run_address>
         <size>0x4</size>
         <input_file_ref idref="fl-4e"/>
      </object_component>
      <object_component id="oc-223">
         <name>.text:_system_pre_init</name>
         <load_address>0x14d4c</load_address>
         <run_address>0x14d4c</run_address>
         <size>0x4</size>
         <input_file_ref idref="fl-3c"/>
      </object_component>
      <object_component id="oc-34f">
         <name>.text:_nop</name>
         <load_address>0x14d50</load_address>
         <run_address>0x14d50</run_address>
         <size>0x2</size>
         <input_file_ref idref="fl-4b"/>
      </object_component>
      <object_component id="oc-3fc">
         <name>.text:_system_post_cinit</name>
         <load_address>0x14d52</load_address>
         <run_address>0x14d52</run_address>
         <size>0x2</size>
         <input_file_ref idref="fl-3d"/>
      </object_component>
      <object_component id="oc-186">
         <name>.text:_isr:ADC12ISR</name>
         <load_address>0x3100</load_address>
         <run_address>0x3100</run_address>
         <size>0x246</size>
         <input_file_ref idref="fl-3"/>
      </object_component>
      <object_component id="oc-180">
         <name>.text:_isr:PORT1_ISR</name>
         <load_address>0x3346</load_address>
         <run_address>0x3346</run_address>
         <size>0x2c</size>
         <input_file_ref idref="fl-3"/>
      </object_component>
      <object_component id="oc-19e">
         <name>.text:_isr:_c_int00_noargs</name>
         <load_address>0x3372</load_address>
         <run_address>0x3372</run_address>
         <size>0x1c</size>
         <input_file_ref idref="fl-36"/>
      </object_component>
      <object_component id="oc-17b">
         <name>.text:_isr:__TI_ISR_TRAP</name>
         <load_address>0x338e</load_address>
         <run_address>0x338e</run_address>
         <size>0x8</size>
         <input_file_ref idref="fl-30"/>
      </object_component>
      <object_component id="oc-76e">
         <name>.cinit..data.load</name>
         <load_address>0x3588</load_address>
         <run_address>0x3588</run_address>
         <size>0x59</size>
      </object_component>
      <object_component id="oc-76b">
         <name>__TI_handler_table</name>
         <load_address>0x35e2</load_address>
         <run_address>0x35e2</run_address>
         <size>0xc</size>
      </object_component>
      <object_component id="oc-76d">
         <name>.cinit..bss.load</name>
         <load_address>0x35ee</load_address>
         <run_address>0x35ee</run_address>
         <size>0x6</size>
      </object_component>
      <object_component id="oc-76c">
         <name>__TI_cinit_table</name>
         <load_address>0x35f4</load_address>
         <run_address>0x35f4</run_address>
         <size>0x10</size>
      </object_component>
      <object_component id="oc-4d1">
         <name>.const:.string:_ctypes_</name>
         <load_address>0x3396</load_address>
         <run_address>0x3396</run_address>
         <size>0x101</size>
         <input_file_ref idref="fl-57"/>
      </object_component>
      <object_component id="oc-1dd">
         <name>.const:.string</name>
         <load_address>0x3498</load_address>
         <run_address>0x3498</run_address>
         <size>0xb4</size>
         <input_file_ref idref="fl-3"/>
      </object_component>
      <object_component id="oc-44d">
         <name>.const:.string</name>
         <load_address>0x354c</load_address>
         <run_address>0x354c</run_address>
         <size>0x26</size>
         <input_file_ref idref="fl-55"/>
      </object_component>
      <object_component id="oc-39d">
         <name>.const:.string:LCD_Char_Map</name>
         <load_address>0x3572</load_address>
         <run_address>0x3572</run_address>
         <size>0x15</size>
         <input_file_ref idref="fl-1"/>
      </object_component>
      <object_component id="oc-6cf">
         <name>.cio</name>
         <uninitialized>true</uninitialized>
         <run_address>0x13d8</run_address>
         <size>0x120</size>
         <input_file_ref idref="fl-81"/>
      </object_component>
      <object_component id="oc-71e">
         <name>.binit</name>
         <load_address>0x3100</load_address>
         <run_address>0x3100</run_address>
         <size>0x0</size>
      </object_component>
      <object_component id="oc-53">
         <name>.int14</name>
         <load_address>0xffdc</load_address>
         <run_address>0xffdc</run_address>
         <size>0x2</size>
         <input_file_ref idref="fl-21"/>
      </object_component>
      <object_component id="oc-54">
         <name>.int15</name>
         <load_address>0xffde</load_address>
         <run_address>0xffde</run_address>
         <size>0x2</size>
         <input_file_ref idref="fl-22"/>
      </object_component>
      <object_component id="oc-55">
         <name>.int16</name>
         <load_address>0xffe0</load_address>
         <run_address>0xffe0</run_address>
         <size>0x2</size>
         <input_file_ref idref="fl-23"/>
      </object_component>
      <object_component id="oc-56">
         <name>.int17</name>
         <load_address>0xffe2</load_address>
         <run_address>0xffe2</run_address>
         <size>0x2</size>
         <input_file_ref idref="fl-24"/>
      </object_component>
      <object_component id="oc-57">
         <name>.int18</name>
         <load_address>0xffe4</load_address>
         <run_address>0xffe4</run_address>
         <size>0x2</size>
         <input_file_ref idref="fl-25"/>
      </object_component>
      <object_component id="oc-58">
         <name>.int19</name>
         <load_address>0xffe6</load_address>
         <run_address>0xffe6</run_address>
         <size>0x2</size>
         <input_file_ref idref="fl-26"/>
      </object_component>
      <object_component id="oc-59">
         <name>.int20</name>
         <load_address>0xffe8</load_address>
         <run_address>0xffe8</run_address>
         <size>0x2</size>
         <input_file_ref idref="fl-3"/>
      </object_component>
      <object_component id="oc-5a">
         <name>.int21</name>
         <load_address>0xffea</load_address>
         <run_address>0xffea</run_address>
         <size>0x2</size>
         <input_file_ref idref="fl-27"/>
      </object_component>
      <object_component id="oc-5b">
         <name>.int22</name>
         <load_address>0xffec</load_address>
         <run_address>0xffec</run_address>
         <size>0x2</size>
         <input_file_ref idref="fl-28"/>
      </object_component>
      <object_component id="oc-5c">
         <name>.int23</name>
         <load_address>0xffee</load_address>
         <run_address>0xffee</run_address>
         <size>0x2</size>
         <input_file_ref idref="fl-3"/>
      </object_component>
      <object_component id="oc-5d">
         <name>.int24</name>
         <load_address>0xfff0</load_address>
         <run_address>0xfff0</run_address>
         <size>0x2</size>
         <input_file_ref idref="fl-29"/>
      </object_component>
      <object_component id="oc-5e">
         <name>.int25</name>
         <load_address>0xfff2</load_address>
         <run_address>0xfff2</run_address>
         <size>0x2</size>
         <input_file_ref idref="fl-2a"/>
      </object_component>
      <object_component id="oc-5f">
         <name>.int26</name>
         <load_address>0xfff4</load_address>
         <run_address>0xfff4</run_address>
         <size>0x2</size>
         <input_file_ref idref="fl-2b"/>
      </object_component>
      <object_component id="oc-60">
         <name>.int27</name>
         <load_address>0xfff6</load_address>
         <run_address>0xfff6</run_address>
         <size>0x2</size>
         <input_file_ref idref="fl-2c"/>
      </object_component>
      <object_component id="oc-61">
         <name>.int28</name>
         <load_address>0xfff8</load_address>
         <run_address>0xfff8</run_address>
         <size>0x2</size>
         <input_file_ref idref="fl-2d"/>
      </object_component>
      <object_component id="oc-62">
         <name>.int29</name>
         <load_address>0xfffa</load_address>
         <run_address>0xfffa</run_address>
         <size>0x2</size>
         <input_file_ref idref="fl-2e"/>
      </object_component>
      <object_component id="oc-63">
         <name>.int30</name>
         <load_address>0xfffc</load_address>
         <run_address>0xfffc</run_address>
         <size>0x2</size>
         <input_file_ref idref="fl-2f"/>
      </object_component>
      <object_component id="oc-15f">
         <name>.reset</name>
         <load_address>0xfffe</load_address>
         <run_address>0xfffe</run_address>
         <size>0x2</size>
         <input_file_ref idref="fl-36"/>
      </object_component>
      <object_component id="oc-47f">
         <name>.debug_info</name>
         <load_address>0x0</load_address>
         <run_address>0x0</run_address>
         <size>0x206</size>
         <input_file_ref idref="fl-1"/>
      </object_component>
      <object_component id="oc-39e">
         <name>.debug_info</name>
         <load_address>0x206</load_address>
         <run_address>0x206</run_address>
         <size>0xce</size>
         <input_file_ref idref="fl-1"/>
      </object_component>
      <object_component id="oc-2ca">
         <name>.debug_info</name>
         <load_address>0x2d4</load_address>
         <run_address>0x2d4</run_address>
         <size>0xfd</size>
         <input_file_ref idref="fl-1"/>
      </object_component>
      <object_component id="oc-2d0">
         <name>.debug_info</name>
         <load_address>0x3d1</load_address>
         <run_address>0x3d1</run_address>
         <size>0xf6</size>
         <input_file_ref idref="fl-1"/>
      </object_component>
      <object_component id="oc-273">
         <name>.debug_info</name>
         <load_address>0x4c7</load_address>
         <run_address>0x4c7</run_address>
         <size>0x134</size>
         <input_file_ref idref="fl-1"/>
      </object_component>
      <object_component id="oc-2ff">
         <name>.debug_info</name>
         <load_address>0x5fb</load_address>
         <run_address>0x5fb</run_address>
         <size>0x130</size>
         <input_file_ref idref="fl-1"/>
      </object_component>
      <object_component id="oc-305">
         <name>.debug_info</name>
         <load_address>0x72b</load_address>
         <run_address>0x72b</run_address>
         <size>0x130</size>
         <input_file_ref idref="fl-1"/>
      </object_component>
      <object_component id="oc-1e5">
         <name>.debug_info</name>
         <load_address>0x85b</load_address>
         <run_address>0x85b</run_address>
         <size>0x130</size>
         <input_file_ref idref="fl-1"/>
      </object_component>
      <object_component id="oc-169">
         <name>.debug_info</name>
         <load_address>0x98b</load_address>
         <run_address>0x98b</run_address>
         <size>0x84</size>
         <input_file_ref idref="fl-1"/>
      </object_component>
      <object_component id="oc-3a1">
         <name>.debug_info</name>
         <load_address>0xa0f</load_address>
         <run_address>0xa0f</run_address>
         <size>0x2c</size>
         <input_file_ref idref="fl-1"/>
      </object_component>
      <object_component id="oc-3ab">
         <name>.debug_info</name>
         <load_address>0xa3b</load_address>
[...]
         <value>0x14508</value>
         <object_component_ref idref="oc-1de"/>
      </symbol>
      <symbol id="sm-486">
         <name>__mspabi_sral</name>
         <value>0x14cd4</value>
         <object_component_ref idref="oc-3c7"/>
      </symbol>
      <symbol id="sm-487">
         <name>__mspabi_sral_15</name>
         <value>0x14660</value>
         <object_component_ref idref="oc-280"/>
      </symbol>
      <symbol id="sm-488">
         <name>__mspabi_sral_14</name>
         <value>0x14664</value>
         <object_component_ref idref="oc-280"/>
      </symbol>
      <symbol id="sm-489">
         <name>__mspabi_sral_13</name>
         <value>0x14668</value>
         <object_component_ref idref="oc-280"/>
      </symbol>
      <symbol id="sm-48a">
         <name>__mspabi_sral_12</name>
         <value>0x1466c</value>
         <object_component_ref idref="oc-280"/>
      </symbol>
      <symbol id="sm-48b">
         <name>__mspabi_sral_11</name>
         <value>0x14670</value>
         <object_component_ref idref="oc-280"/>
      </symbol>
      <symbol id="sm-48c">
         <name>__mspabi_sral_10</name>
         <value>0x14674</value>
         <object_component_ref idref="oc-280"/>
      </symbol>
      <symbol id="sm-48d">
         <name>__mspabi_sral_8</name>
         <value>0x1467c</value>
         <object_component_ref idref="oc-280"/>
      </symbol>
      <symbol id="sm-48e">
         <name>__mspabi_sral_9</name>
         <value>0x14678</value>
         <object_component_ref idref="oc-280"/>
      </symbol>
      <symbol id="sm-48f">
         <name>__mspabi_sral_6</name>
         <value>0x14684</value>
         <object_component_ref idref="oc-280"/>
      </symbol>
      <symbol id="sm-490">
         <name>__mspabi_sral_7</name>
         <value>0x14680</value>
         <object_component_ref idref="oc-280"/>
      </symbol>
      <symbol id="sm-491">
         <name>__mspabi_sral_4</name>
         <value>0x1468c</value>
         <object_component_ref idref="oc-280"/>
      </symbol>
      <symbol id="sm-492">
         <name>__mspabi_sral_5</name>
         <value>0x14688</value>
         <object_component_ref idref="oc-280"/>
      </symbol>
      <symbol id="sm-493">
         <name>__mspabi_sral_2</name>
         <value>0x14694</value>
         <object_component_ref idref="oc-280"/>
      </symbol>
      <symbol id="sm-494">
         <name>__mspabi_sral_3</name>
         <value>0x14690</value>
         <object_component_ref idref="oc-280"/>
      </symbol>
      <symbol id="sm-495">
         <name>__mspabi_sral_1</name>
         <value>0x14698</value>
         <object_component_ref idref="oc-280"/>
      </symbol>
      <symbol id="sm-4a5">
         <name>__mspabi_slll_9</name>
         <value>0x146b6</value>
         <object_component_ref idref="oc-2a8"/>
      </symbol>
      <symbol id="sm-4a6">
         <name>__mspabi_slll_8</name>
         <value>0x146ba</value>
         <object_component_ref idref="oc-2a8"/>
      </symbol>
      <symbol id="sm-4a7">
         <name>__mspabi_slll_7</name>
         <value>0x146be</value>
         <object_component_ref idref="oc-2a8"/>
      </symbol>
      <symbol id="sm-4a8">
         <name>__mspabi_slll_6</name>
         <value>0x146c2</value>
         <object_component_ref idref="oc-2a8"/>
      </symbol>
      <symbol id="sm-4a9">
         <name>__mspabi_slll_5</name>
         <value>0x146c6</value>
         <object_component_ref idref="oc-2a8"/>
      </symbol>
      <symbol id="sm-4aa">
         <name>__mspabi_slll_4</name>
         <value>0x146ca</value>
         <object_component_ref idref="oc-2a8"/>
      </symbol>
      <symbol id="sm-4ab">
         <name>__mspabi_slll_3</name>
         <value>0x146ce</value>
         <object_component_ref idref="oc-2a8"/>
      </symbol>
      <symbol id="sm-4ac">
         <name>__mspabi_slll_2</name>
         <value>0x146d2</value>
         <object_component_ref idref="oc-2a8"/>
      </symbol>
      <symbol id="sm-4ad">
         <name>__mspabi_slll_1</name>
         <value>0x146d6</value>
         <object_component_ref idref="oc-2a8"/>
      </symbol>
      <symbol id="sm-4ae">
         <name>__mspabi_slll</name>
         <value>0x14ce4</value>
         <object_component_ref idref="oc-3bd"/>
      </symbol>
      <symbol id="sm-4af">
         <name>__mspabi_slll_15</name>
         <value>0x1469e</value>
         <object_component_ref idref="oc-2a8"/>
      </symbol>
      <symbol id="sm-4b0">
         <name>__mspabi_slll_14</name>
         <value>0x146a2</value>
         <object_component_ref idref="oc-2a8"/>
      </symbol>
      <symbol id="sm-4b1">
         <name>__mspabi_slll_13</name>
         <value>0x146a6</value>
         <object_component_ref idref="oc-2a8"/>
      </symbol>
      <symbol id="sm-4b2">
         <name>__mspabi_slll_12</name>
         <value>0x146aa</value>
         <object_component_ref idref="oc-2a8"/>
      </symbol>
      <symbol id="sm-4b3">
         <name>__mspabi_slll_11</name>
         <value>0x146ae</value>
         <object_component_ref idref="oc-2a8"/>
      </symbol>
      <symbol id="sm-4b4">
         <name>__mspabi_slll_10</name>
         <value>0x146b2</value>
         <object_component_ref idref="oc-2a8"/>
      </symbol>
      <symbol id="sm-4c4">
         <name>__mspabi_srll_8</name>
         <value>0x146f8</value>
         <object_component_ref idref="oc-3ad"/>
      </symbol>
      <symbol id="sm-4c5">
         <name>__mspabi_srll_9</name>
         <value>0x146f4</value>
         <object_component_ref idref="oc-3ad"/>
      </symbol>
      <symbol id="sm-4c6">
         <name>__mspabi_srll_6</name>
         <value>0x14700</value>
         <object_component_ref idref="oc-3ad"/>
      </symbol>
      <symbol id="sm-4c7">
         <name>__mspabi_srll_7</name>
         <value>0x146fc</value>
         <object_component_ref idref="oc-3ad"/>
      </symbol>
      <symbol id="sm-4c8">
         <name>__mspabi_srll_4</name>
         <value>0x14708</value>
         <object_component_ref idref="oc-3ad"/>
      </symbol>
      <symbol id="sm-4c9">
         <name>__mspabi_srll_5</name>
         <value>0x14704</value>
         <object_component_ref idref="oc-3ad"/>
      </symbol>
      <symbol id="sm-4ca">
         <name>__mspabi_srll_2</name>
         <value>0x14710</value>
         <object_component_ref idref="oc-3ad"/>
      </symbol>
      <symbol id="sm-4cb">
         <name>__mspabi_srll_3</name>
         <value>0x1470c</value>
         <object_component_ref idref="oc-3ad"/>
      </symbol>
      <symbol id="sm-4cc">
         <name>__mspabi_srll_1</name>
         <value>0x14714</value>
         <object_component_ref idref="oc-3ad"/>
      </symbol>
      <symbol id="sm-4cd">
         <name>__mspabi_srll_15</name>
         <value>0x146dc</value>
         <object_component_ref idref="oc-3ad"/>
      </symbol>
      <symbol id="sm-4ce">
         <name>__mspabi_srll_14</name>
         <value>0x146e0</value>
         <object_component_ref idref="oc-3ad"/>
      </symbol>
      <symbol id="sm-4cf">
         <name>__mspabi_srll_13</name>
         <value>0x146e4</value>
         <object_component_ref idref="oc-3ad"/>
      </symbol>
      <symbol id="sm-4d0">
         <name>__mspabi_srll_12</name>
         <value>0x146e8</value>
         <object_component_ref idref="oc-3ad"/>
      </symbol>
      <symbol id="sm-4d1">
         <name>__mspabi_srll_11</name>
         <value>0x146ec</value>
         <object_component_ref idref="oc-3ad"/>
      </symbol>
      <symbol id="sm-4d2">
         <name>__mspabi_srll_10</name>
         <value>0x146f0</value>
         <object_component_ref idref="oc-3ad"/>
      </symbol>
      <symbol id="sm-4d3">
         <name>__mspabi_srll</name>
         <value>0x14cf4</value>
         <object_component_ref idref="oc-3c2"/>
      </symbol>
      <symbol id="sm-4e3">
         <name>__TI_dtors_ptr</name>
         <value>0x1280</value>
         <object_component_ref idref="oc-3f4"/>
      </symbol>
      <symbol id="sm-4e4">
         <name>__TI_cleanup_ptr</name>
         <value>0x127c</value>
         <object_component_ref idref="oc-3f7"/>
      </symbol>
      <symbol id="sm-4f4">
         <name>__TI_frcmpyd</name>
         <value>0x10d3a</value>
         <object_component_ref idref="oc-292"/>
      </symbol>
      <symbol id="sm-6ca">
         <name>__TI_printfi</name>
         <value>0x10a94</value>
         <object_component_ref idref="oc-267"/>
      </symbol>
      <symbol id="sm-6dd">
         <name>atoi</name>
         <value>0x141fe</value>
         <object_component_ref idref="oc-440"/>
      </symbol>
      <symbol id="sm-6e7">
         <name>_ctypes_</name>
         <value>0x3396</value>
         <object_component_ref idref="oc-4d1"/>
      </symbol>
      <symbol id="sm-6f7">
         <name>__TI_tmpnams</name>
         <value>0x14f8</value>
      </symbol>
      <symbol id="sm-6f8">
         <name>_ftable</name>
         <value>0x1100</value>
         <object_component_ref idref="oc-258"/>
      </symbol>
      <symbol id="sm-6f9">
         <name>__TI_ft_end</name>
         <value>0x128e</value>
         <object_component_ref idref="oc-5e3"/>
      </symbol>
      <symbol id="sm-70c">
         <name>putc</name>
         <value>0x13990</value>
         <object_component_ref idref="oc-363"/>
      </symbol>
      <symbol id="sm-70d">
         <name>fputc</name>
         <value>0x13990</value>
         <object_component_ref idref="oc-363"/>
      </symbol>
      <symbol id="sm-725">
         <name>fputs</name>
         <value>0x12f78</value>
         <object_component_ref idref="oc-35c"/>
      </symbol>
      <symbol id="sm-734">
         <name>ltoa</name>
         <value>0x13c4a</value>
         <object_component_ref idref="oc-62a"/>
      </symbol>
      <symbol id="sm-743">
         <name>memccpy</name>
         <value>0x14bc4</value>
         <object_component_ref idref="oc-45a"/>
      </symbol>
      <symbol id="sm-752">
         <name>memchr</name>
         <value>0x14c32</value>
         <object_component_ref idref="oc-428"/>
      </symbol>
      <symbol id="sm-760">
         <name>memset</name>
         <value>0x14c48</value>
         <object_component_ref idref="oc-446"/>
      </symbol>
      <symbol id="sm-76f">
         <name>strchr</name>
         <value>0x14be2</value>
         <object_component_ref idref="oc-656"/>
      </symbol>
      <symbol id="sm-77c">
         <name>strlen</name>
         <value>0x14d12</value>
         <object_component_ref idref="oc-36a"/>
      </symbol>
      <symbol id="sm-789">
         <name>toupper</name>
         <value>0x14cc2</value>
         <object_component_ref idref="oc-4e5"/>
      </symbol>
      <symbol id="sm-7ab">
         <name>_stream</name>
         <value>0x1240</value>
         <object_component_ref idref="oc-4c6"/>
      </symbol>
      <symbol id="sm-7ac">
         <name>_device</name>
         <value>0x11c8</value>
         <object_component_ref idref="oc-555"/>
      </symbol>
      <symbol id="sm-7ad">
         <name>write</name>
         <value>0x14758</value>
         <object_component_ref idref="oc-434"/>
      </symbol>
      <symbol id="sm-7c9">
         <name>frexpl</name>
         <value>0x13692</value>
         <object_component_ref idref="oc-5af"/>
      </symbol>
      <symbol id="sm-7ca">
         <name>frexp</name>
         <value>0x13692</value>
         <object_component_ref idref="oc-5af"/>
      </symbol>
      <symbol id="sm-7e3">
         <name>scalbn</name>
         <value>0x12886</value>
         <object_component_ref idref="oc-650"/>
      </symbol>
      <symbol id="sm-7e4">
         <name>scalbnl</name>
         <value>0x12886</value>
         <object_component_ref idref="oc-650"/>
      </symbol>
      <symbol id="sm-7e5">
         <name>ldexpl</name>
         <value>0x12886</value>
         <object_component_ref idref="oc-650"/>
      </symbol>
      <symbol id="sm-7e6">
         <name>ldexp</name>
         <value>0x12886</value>
         <object_component_ref idref="oc-650"/>
      </symbol>
      <symbol id="sm-7ef">
         <name>copysign</name>
         <value>0x14a0a</value>
         <object_component_ref idref="oc-6b6"/>
      </symbol>
      <symbol id="sm-7f0">
         <name>copysignl</name>
         <value>0x14a0a</value>
         <object_component_ref idref="oc-6b6"/>
      </symbol>
      <symbol id="sm-808">
         <name>wcslen</name>
         <value>0x14c74</value>
         <object_component_ref idref="oc-462"/>
      </symbol>
      <symbol id="sm-812">
         <name>__mspabi_remu</name>
         <value>0x14c5e</value>
         <object_component_ref idref="oc-579"/>
      </symbol>
      <symbol id="sm-813">
         <name>__mspabi_divu</name>
         <value>0x14c5e</value>
         <object_component_ref idref="oc-579"/>
      </symbol>
      <symbol id="sm-81f">
         <name>__mspabi_remli</name>
         <value>0x14620</value>
         <object_component_ref idref="oc-6a1"/>
      </symbol>
      <symbol id="sm-820">
         <name>__mspabi_divli</name>
         <value>0x14620</value>
         <object_component_ref idref="oc-6a1"/>
      </symbol>
      <symbol id="sm-82e">
         <name>__mspabi_remul</name>
         <value>0x14376</value>
         <object_component_ref idref="oc-574"/>
      </symbol>
      <symbol id="sm-82f">
         <name>__mspabi_divul</name>
         <value>0x14376</value>
         <object_component_ref idref="oc-574"/>
      </symbol>
      <symbol id="sm-863">
         <name>__mspabi_divull</name>
         <value>0x10466</value>
         <object_component_ref idref="oc-56e"/>
      </symbol>
      <symbol id="sm-87d">
         <name>__mspabi_cmpd</name>
         <value>0x13146</value>
         <object_component_ref idref="oc-509"/>
      </symbol>
      <symbol id="sm-89e">
         <name>__mspabi_divd</name>
         <value>0x11b7c</value>
         <object_component_ref idref="oc-5a8"/>
      </symbol>
      <symbol id="sm-8ab">
         <name>__mspabi_fixdi</name>
         <value>0x14ae4</value>
         <object_component_ref idref="oc-636"/>
      </symbol>
      <symbol id="sm-8ba">
         <name>__mspabi_fixdli</name>
         <value>0x14134</value>
         <object_component_ref idref="oc-624"/>
      </symbol>
      <symbol id="sm-8c3">
         <name>__mspabi_fltid</name>
         <value>0x14d20</value>
         <object_component_ref idref="oc-65c"/>
      </symbol>
      <symbol id="sm-8db">
         <name>__mspabi_fltlid</name>
         <value>0x13738</value>
         <object_component_ref idref="oc-630"/>
      </symbol>
      <symbol id="sm-8f6">
         <name>__TI_frcdivd</name>
         <value>0x10000</value>
         <object_component_ref idref="oc-641"/>
      </symbol>
      <symbol id="sm-8ff">
         <name>__mspabi_negd</name>
         <value>0x149dc</value>
         <object_component_ref idref="oc-4eb"/>
      </symbol>
      <symbol id="sm-906">
         <name>errno</name>
         <value>0x1290</value>
         <object_component_ref idref="oc-468"/>
      </symbol>
      <symbol id="sm-91e">
         <name>__TI_wrt_ok</name>
         <value>0x13cca</value>
         <object_component_ref idref="oc-422"/>
      </symbol>
      <symbol id="sm-92f">
         <name>__TI_doflush</name>
         <value>0x1419a</value>
         <object_component_ref idref="oc-42e"/>
      </symbol>
      <symbol id="sm-93f">
         <name>fseek</name>
         <value>0x14064</value>
         <object_component_ref idref="oc-4b4"/>
      </symbol>
      <symbol id="sm-94d">
         <name>lseek</name>
         <value>0x1471a</value>
         <object_component_ref idref="oc-52e"/>
      </symbol>
      <symbol id="sm-965">
         <name>setvbuf</name>
         <value>0x13068</value>
         <object_component_ref idref="oc-4ba"/>
      </symbol>
      <symbol id="sm-971">
         <name>HOSTclose</name>
         <value>0x14422</value>
         <object_component_ref idref="oc-5ef"/>
      </symbol>
      <symbol id="sm-97d">
         <name>HOSTlseek</name>
         <value>0x137d6</value>
         <object_component_ref idref="oc-601"/>
      </symbol>
      <symbol id="sm-98b">
         <name>parmbuf</name>
         <value>0x15a2</value>
      </symbol>
      <symbol id="sm-98c">
         <name>HOSTopen</name>
         <value>0x13f1e</value>
         <object_component_ref idref="oc-5e9"/>
      </symbol>
      <symbol id="sm-999">
         <name>HOSTread</name>
         <value>0x13ffa</value>
         <object_component_ref idref="oc-5f5"/>
      </symbol>
      <symbol id="sm-9a5">
         <name>HOSTrename</name>
         <value>0x13e36</value>
         <object_component_ref idref="oc-60d"/>
      </symbol>
      <symbol id="sm-9b1">
         <name>HOSTunlink</name>
         <value>0x14552</value>
         <object_component_ref idref="oc-607"/>
      </symbol>
      <symbol id="sm-9be">
         <name>HOSTwrite</name>
         <value>0x13f8e</value>
         <object_component_ref idref="oc-5fb"/>
      </symbol>
      <symbol id="sm-9dc">
         <name>__TI_readmsg</name>
         <value>0x148e4</value>
         <object_component_ref idref="oc-684"/>
      </symbol>
      <symbol id="sm-9dd">
         <name>C$$IO$$</name>
         <value>0x148aa</value>
         <object_component_ref idref="oc-67e"/>
      </symbol>
      <symbol id="sm-9de">
         <name>_CIOBUF_</name>
         <value>0x13d8</value>
         <object_component_ref idref="oc-6cf"/>
      </symbol>
      <symbol id="sm-9df">
         <name>__TI_writemsg</name>
         <value>0x14878</value>
         <object_component_ref idref="oc-67e"/>
      </symbol>
      <symbol id="sm-9ec">
         <name>__mspabi_sllll</name>
         <value>0x14794</value>
         <object_component_ref idref="oc-617"/>
      </symbol>
      <symbol id="sm-a3b">
         <name>_sys_memory</name>
         <value>0x1298</value>
         <object_component_ref idref="oc-160"/>
      </symbol>
      <symbol id="sm-a3c">
         <name>free</name>
         <value>0x13ab0</value>
         <object_component_ref idref="oc-536"/>
      </symbol>
      <symbol id="sm-a3d">
         <name>malloc</name>
         <value>0x1347e</value>
         <object_component_ref idref="oc-53c"/>
      </symbol>
      <symbol id="sm-a3e">
         <name>minit</name>
         <value>0x145de</value>
         <object_component_ref idref="oc-5d6"/>
      </symbol>
      <symbol id="sm-a4a">
         <name>__TI_cleanup</name>
         <value>0x14842</value>
         <object_component_ref idref="oc-542"/>
      </symbol>
      <symbol id="sm-a58">
         <name>strcpy</name>
         <value>0x14cb0</value>
         <object_component_ref idref="oc-695"/>
      </symbol>
      <symbol id="sm-a6a">
         <name>__TI_closefile</name>
         <value>0x13eaa</value>
         <object_component_ref idref="oc-5dd"/>
      </symbol>
      <symbol id="sm-a89">
         <name>finddevice</name>
         <value>0x14a38</value>
         <object_component_ref idref="oc-6f7"/>
      </symbol>
      <symbol id="sm-a8a">
         <name>getdevice</name>
         <value>0x1431c</value>
         <object_component_ref idref="oc-6c3"/>
      </symbol>
      <symbol id="sm-a99">
         <name>strcmp</name>
         <value>0x14bfe</value>
         <object_component_ref idref="oc-70e"/>
      </symbol>
      <symbol id="sm-aa9">
         <name>strncpy</name>
         <value>0x1497a</value>
         <object_component_ref idref="oc-6f1"/>
      </symbol>
      <symbol id="sm-ab5">
         <name>unlink</name>
         <value>0x149ac</value>
         <object_component_ref idref="oc-671"/>
      </symbol>
      <symbol id="sm-ac7">
         <name>close</name>
         <value>0x142c2</value>
         <object_component_ref idref="oc-66a"/>
      </symbol>
      <symbol id="sm-aca">
         <name>remove</name>
         <value>0x149ac</value>
      </symbol>
   </symbol_table>
   <title>Link successful</title>
</link_info>
